Archive member included to satisfy reference by file (symbol)

/home/yyk/stage/edk2/Build/Shell/DEBUG_GCC5/X64/ShellPkg/DynamicCommand/VariablePolicyDynamicCommand/VariablePolicyDynamicCommand/OUTPUT/VariablePolicyDynamicCommand.lib(VariablePolicy.obj)
                              (--whole-archive)
/home/yyk/stage/edk2/Build/Shell/DEBUG_GCC5/X64/ShellPkg/DynamicCommand/VariablePolicyDynamicCommand/VariablePolicyDynamicCommand/OUTPUT/VariablePolicyDynamicCommand.lib(VariablePolicyDynamicCommand.obj)
                              (--whole-archive)
/home/yyk/stage/edk2/Build/Shell/DEBUG_GCC5/X64/ShellPkg/DynamicCommand/VariablePolicyDynamicCommand/VariablePolicyDynamicCommand/OUTPUT/VariablePolicyDynamicCommand.lib(AutoGen.obj)
                              (--whole-archive)
/home/yyk/stage/edk2/Build/Shell/DEBUG_GCC5/X64/MdePkg/Library/RegisterFilterLibNull/RegisterFilterLibNull/OUTPUT/FilterLibNull.lib(RegisterFilterLibNull.obj)
                              (--whole-archive)
/home/yyk/stage/edk2/Build/Shell/DEBUG_GCC5/X64/MdePkg/Library/BasePcdLibNull/BasePcdLibNull/OUTPUT/BasePcdLibNull.lib(PcdLib.obj)
                              (--whole-archive)
/home/yyk/stage/edk2/Build/Shell/DEBUG_GCC5/X64/MdePkg/Library/BaseMemoryLib/BaseMemoryLib/OUTPUT/BaseMemoryLib.lib(SetMem.obj)
                              (--whole-archive)
/home/yyk/stage/edk2/Build/Shell/DEBUG_GCC5/X64/MdePkg/Library/BaseMemoryLib/BaseMemoryLib/OUTPUT/BaseMemoryLib.lib(ScanMem64Wrapper.obj)
                              (--whole-archive)
/home/yyk/stage/edk2/Build/Shell/DEBUG_GCC5/X64/MdePkg/Library/BaseMemoryLib/BaseMemoryLib/OUTPUT/BaseMemoryLib.lib(ScanMem32Wrapper.obj)
                              (--whole-archive)
/home/yyk/stage/edk2/Build/Shell/DEBUG_GCC5/X64/MdePkg/Library/BaseMemoryLib/BaseMemoryLib/OUTPUT/BaseMemoryLib.lib(ScanMem16Wrapper.obj)
                              (--whole-archive)
/home/yyk/stage/edk2/Build/Shell/DEBUG_GCC5/X64/MdePkg/Library/BaseMemoryLib/BaseMemoryLib/OUTPUT/BaseMemoryLib.lib(ScanMem8Wrapper.obj)
                              (--whole-archive)
/home/yyk/stage/edk2/Build/Shell/DEBUG_GCC5/X64/MdePkg/Library/BaseMemoryLib/BaseMemoryLib/OUTPUT/BaseMemoryLib.lib(ZeroMemWrapper.obj)
                              (--whole-archive)
/home/yyk/stage/edk2/Build/Shell/DEBUG_GCC5/X64/MdePkg/Library/BaseMemoryLib/BaseMemoryLib/OUTPUT/BaseMemoryLib.lib(CompareMemWrapper.obj)
                              (--whole-archive)
/home/yyk/stage/edk2/Build/Shell/DEBUG_GCC5/X64/MdePkg/Library/BaseMemoryLib/BaseMemoryLib/OUTPUT/BaseMemoryLib.lib(SetMem64Wrapper.obj)
                              (--whole-archive)
/home/yyk/stage/edk2/Build/Shell/DEBUG_GCC5/X64/MdePkg/Library/BaseMemoryLib/BaseMemoryLib/OUTPUT/BaseMemoryLib.lib(SetMem32Wrapper.obj)
                              (--whole-archive)
/home/yyk/stage/edk2/Build/Shell/DEBUG_GCC5/X64/MdePkg/Library/BaseMemoryLib/BaseMemoryLib/OUTPUT/BaseMemoryLib.lib(SetMem16Wrapper.obj)
                              (--whole-archive)
/home/yyk/stage/edk2/Build/Shell/DEBUG_GCC5/X64/MdePkg/Library/BaseMemoryLib/BaseMemoryLib/OUTPUT/BaseMemoryLib.lib(SetMemWrapper.obj)
                              (--whole-archive)
/home/yyk/stage/edk2/Build/Shell/DEBUG_GCC5/X64/MdePkg/Library/BaseMemoryLib/BaseMemoryLib/OUTPUT/BaseMemoryLib.lib(CopyMemWrapper.obj)
                              (--whole-archive)
/home/yyk/stage/edk2/Build/Shell/DEBUG_GCC5/X64/MdePkg/Library/BaseMemoryLib/BaseMemoryLib/OUTPUT/BaseMemoryLib.lib(IsZeroBufferWrapper.obj)
                              (--whole-archive)
/home/yyk/stage/edk2/Build/Shell/DEBUG_GCC5/X64/MdePkg/Library/BaseMemoryLib/BaseMemoryLib/OUTPUT/BaseMemoryLib.lib(MemLibGeneric.obj)
                              (--whole-archive)
/home/yyk/stage/edk2/Build/Shell/DEBUG_GCC5/X64/MdePkg/Library/BaseMemoryLib/BaseMemoryLib/OUTPUT/BaseMemoryLib.lib(MemLibGuid.obj)
                              (--whole-archive)
/home/yyk/stage/edk2/Build/Shell/DEBUG_GCC5/X64/MdePkg/Library/BaseMemoryLib/BaseMemoryLib/OUTPUT/BaseMemoryLib.lib(CopyMem.obj)
                              (--whole-archive)
/home/yyk/stage/edk2/Build/Shell/DEBUG_GCC5/X64/MdePkg/Library/BaseLib/BaseLib/OUTPUT/BaseLib.lib(CheckSum.obj)
                              (--whole-archive)
/home/yyk/stage/edk2/Build/Shell/DEBUG_GCC5/X64/MdePkg/Library/BaseLib/BaseLib/OUTPUT/BaseLib.lib(SwitchStack.obj)
                              (--whole-archive)
/home/yyk/stage/edk2/Build/Shell/DEBUG_GCC5/X64/MdePkg/Library/BaseLib/BaseLib/OUTPUT/BaseLib.lib(SwapBytes64.obj)
                              (--whole-archive)
/home/yyk/stage/edk2/Build/Shell/DEBUG_GCC5/X64/MdePkg/Library/BaseLib/BaseLib/OUTPUT/BaseLib.lib(SwapBytes32.obj)
                              (--whole-archive)
/home/yyk/stage/edk2/Build/Shell/DEBUG_GCC5/X64/MdePkg/Library/BaseLib/BaseLib/OUTPUT/BaseLib.lib(SwapBytes16.obj)
                              (--whole-archive)
[...]
Memory Configuration

Name             Origin             Length             Attributes
*default*        0x0000000000000000 0xffffffffffffffff

Linker script and memory map

START GROUP
LOAD /tmp/ccWWHV3a.ltrans0.ltrans.o
LOAD /tmp/ccSvWw4Q.debug.temp.o
LOAD /tmp/ccfRITej.debug.temp.o
LOAD /tmp/cc71TnNE.debug.temp.o
LOAD /tmp/ccfbo5CB.debug.temp.o
LOAD /tmp/ccZroIQw.debug.temp.o
LOAD /tmp/ccZlTJes.debug.temp.o
LOAD /tmp/ccQt28Eu.debug.temp.o
LOAD /tmp/cchDImg5.debug.temp.o
LOAD /tmp/ccCbrUum.debug.temp.o
LOAD /tmp/ccrvbEdN.debug.temp.o
LOAD /tmp/cc01XbKX.debug.temp.o
LOAD /tmp/ccF0uqk2.debug.temp.o
LOAD /tmp/ccAwK2u3.debug.temp.o
LOAD /tmp/ccG4yZDk.debug.temp.o
LOAD /tmp/cc1dSYLB.debug.temp.o
LOAD /tmp/ccE3mlwP.debug.temp.o
LOAD /tmp/cc6yLJiF.debug.temp.o
LOAD /tmp/ccVpfjmO.debug.temp.o
LOAD /tmp/ccqZc8sA.debug.temp.o
LOAD /tmp/cciGFvxe.debug.temp.o
LOAD /tmp/ccIZDMjZ.debug.temp.o
LOAD /tmp/ccR3SLQk.debug.temp.o
LOAD /tmp/cc8knNGN.debug.temp.o
LOAD /tmp/ccdTKIwT.debug.temp.o
LOAD /tmp/ccljQDIL.debug.temp.o
LOAD /tmp/ccaN3HWq.debug.temp.o
LOAD /tmp/ccBIbAZ4.debug.temp.o
LOAD /tmp/cckIZXoG.debug.temp.o
LOAD /tmp/ccPtWEnr.debug.temp.o
LOAD /tmp/cc77LOuJ.debug.temp.o
LOAD /tmp/cczwDKtv.debug.temp.o
LOAD /tmp/ccE7fn8e.debug.temp.o
LOAD /tmp/ccadmrTo.debug.temp.o
LOAD /tmp/ccMs3b7F.debug.temp.o
LOAD /tmp/ccjGfufz.debug.temp.o
LOAD /tmp/ccpFW23M.debug.temp.o
LOAD /tmp/cc8ZdvET.debug.temp.o
LOAD /tmp/cc3K5pR3.debug.temp.o
LOAD /tmp/ccDaC5dl.debug.temp.o
LOAD /tmp/cczkusbn.debug.temp.o
LOAD /tmp/cctJMc5h.debug.temp.o
LOAD /tmp/cc5XuvoY.debug.temp.o
LOAD /tmp/ccIALlR5.debug.temp.o
LOAD /tmp/cco9S5lU.debug.temp.o
LOAD /tmp/cc69lknr.debug.temp.o
LOAD /tmp/ccksNcP7.debug.temp.o
LOAD /tmp/cczToAQC.debug.temp.o
LOAD /tmp/ccjiiPCw.debug.temp.o
LOAD /tmp/ccUHyYPB.debug.temp.o
LOAD /tmp/ccIe7rNf.debug.temp.o
LOAD /tmp/ccB72Lj4.debug.temp.o
LOAD /tmp/ccnlYhkV.debug.temp.o
LOAD /tmp/cceKeLDl.debug.temp.o
LOAD /tmp/ccafpb84.debug.temp.o
LOAD /tmp/ccMGXgnl.debug.temp.o
LOAD /tmp/ccFbpy6j.debug.temp.o
LOAD /tmp/ccZAqJJJ.debug.temp.o
LOAD /tmp/cc66EDh5.debug.temp.o
LOAD /tmp/ccILXo3a.debug.temp.o
LOAD /tmp/ccdPd0OK.debug.temp.o
LOAD /tmp/ccLx0Kma.debug.temp.o
LOAD /tmp/ccKHaJdK.debug.temp.o
LOAD /tmp/cc0KE2YB.debug.temp.o
LOAD /tmp/cco8Oxxy.debug.temp.o
LOAD /tmp/cc0DP987.debug.temp.o
LOAD /tmp/ccgOI95J.debug.temp.o
LOAD /tmp/ccbYe87I.debug.temp.o
LOAD /tmp/cc753dvu.debug.temp.o
LOAD /tmp/ccUWYkiq.debug.temp.o
LOAD /tmp/cc9ps06J.debug.temp.o
LOAD /tmp/ccfbix4G.debug.temp.o
LOAD /tmp/cceuh5A2.debug.temp.o
LOAD /tmp/ccKfpV5k.debug.temp.o
LOAD /tmp/ccy80Qz5.debug.temp.o
LOAD /tmp/ccLvrzxJ.debug.temp.o
LOAD /tmp/ccSMHUZC.debug.temp.o
LOAD /tmp/ccPYkT5p.debug.temp.o
LOAD /tmp/ccLaA6ED.debug.temp.o
LOAD /tmp/cct8chd8.debug.temp.o
LOAD /tmp/ccl8urur.debug.temp.o
LOAD /tmp/ccJOXIpR.debug.temp.o
LOAD /tmp/ccj9SXPB.debug.temp.o
LOAD /tmp/ccUfd5dd.debug.temp.o
LOAD /tmp/cc8QSqxp.debug.temp.o
LOAD /tmp/ccDdHUdO.debug.temp.o
LOAD /tmp/cc1mrB4N.debug.temp.o
LOAD /tmp/ccAcyiju.debug.temp.o
LOAD /tmp/ccyVVWJo.debug.temp.o
LOAD /tmp/ccnqAlAH.debug.temp.o
LOAD /tmp/ccF6Qxu8.debug.temp.o
LOAD /tmp/ccWPDK6h.debug.temp.o
LOAD /tmp/ccTWG6ko.debug.temp.o
LOAD /tmp/ccy9JFHB.debug.temp.o
LOAD /tmp/ccjFTGOD.debug.temp.o
LOAD /tmp/cc7eop3i.debug.temp.o
LOAD /tmp/ccuQf89r.debug.temp.o
LOAD /tmp/ccntFYxq.debug.temp.o
LOAD /tmp/ccBLxcXX.debug.temp.o
LOAD /tmp/cc28aYt1.debug.temp.o
LOAD /tmp/ccVTp2zF.debug.temp.o
LOAD /tmp/cc7Aht0B.debug.temp.o
LOAD /tmp/cco1x2es.debug.temp.o
LOAD /tmp/ccEkrpKV.debug.temp.o
LOAD /tmp/ccueZqhq.debug.temp.o
LOAD /tmp/cc5R8omS.debug.temp.o
LOAD /tmp/ccDSK8Yg.debug.temp.o
LOAD /tmp/ccKXIzHC.debug.temp.o
LOAD /home/yyk/stage/edk2/Build/Shell/DEBUG_GCC5/X64/ShellPkg/DynamicCommand/VariablePolicyDynamicCommand/VariablePolicyDynamicCommand/OUTPUT/VariablePolicyDynamicCommand.lib
LOAD /home/yyk/stage/edk2/Build/Shell/DEBUG_GCC5/X64/MdePkg/Library/RegisterFilterLibNull/RegisterFilterLibNull/OUTPUT/FilterLibNull.lib
LOAD /home/yyk/stage/edk2/Build/Shell/DEBUG_GCC5/X64/MdePkg/Library/BasePcdLibNull/BasePcdLibNull/OUTPUT/BasePcdLibNull.lib
LOAD /home/yyk/stage/edk2/Build/Shell/DEBUG_GCC5/X64/MdePkg/Library/BaseMemoryLib/BaseMemoryLib/OUTPUT/BaseMemoryLib.lib
LOAD /home/yyk/stage/edk2/Build/Shell/DEBUG_GCC5/X64/MdePkg/Library/BaseLib/BaseLib/OUTPUT/BaseLib.lib
LOAD /home/yyk/stage/edk2/Build/Shell/DEBUG_GCC5/X64/MdePkg/Library/BaseDebugPrintErrorLevelLib/BaseDebugPrintErrorLevelLib/OUTPUT/BaseDebugPrintErrorLevelLib.lib
LOAD /home/yyk/stage/edk2/Build/Shell/DEBUG_GCC5/X64/MdePkg/Library/BasePrintLib/BasePrintLib/OUTPUT/BasePrintLib.lib
LOAD /home/yyk/stage/edk2/Build/Shell/DEBUG_GCC5/X64/MdePkg/Library/UefiDebugLibConOut/UefiDebugLibConOut/OUTPUT/UefiDebugLibConOut.lib
LOAD /home/yyk/stage/edk2/Build/Shell/DEBUG_GCC5/X64/MdePkg/Library/UefiBootServicesTableLib/UefiBootServicesTableLib/OUTPUT/UefiBootServicesTableLib.lib
LOAD /home/yyk/stage/edk2/Build/Shell/DEBUG_GCC5/X64/MdePkg/Library/UefiMemoryAllocationLib/UefiMemoryAllocationLib/OUTPUT/UefiMemoryAllocationLib.lib
LOAD /home/yyk/stage/edk2/Build/Shell/DEBUG_GCC5/X64/MdePkg/Library/UefiDevicePathLib/UefiDevicePathLibOptionalDevicePathProtocol/OUTPUT/UefiDevicePathLibOptionalDevicePathProtocol.lib
LOAD /home/yyk/stage/edk2/Build/Shell/DEBUG_GCC5/X64/MdePkg/Library/UefiRuntimeServicesTableLib/UefiRuntimeServicesTableLib/OUTPUT/UefiRuntimeServicesTableLib.lib
LOAD /home/yyk/stage/edk2/Build/Shell/DEBUG_GCC5/X64/MdePkg/Library/UefiLib/UefiLib/OUTPUT/UefiLib.lib
LOAD /home/yyk/stage/edk2/Build/Shell/DEBUG_GCC5/X64/MdeModulePkg/Library/UefiHiiServicesLib/UefiHiiServicesLib/OUTPUT/UefiHiiServicesLib.lib
LOAD /home/yyk/stage/edk2/Build/Shell/DEBUG_GCC5/X64/MdeModulePkg/Library/UefiSortLib/UefiSortLib/OUTPUT/UefiSortLib.lib
LOAD /home/yyk/stage/edk2/Build/Shell/DEBUG_GCC5/X64/MdePkg/Library/UefiFileHandleLib/UefiFileHandleLib/OUTPUT/UefiFileHandleLib.lib
LOAD /home/yyk/stage/edk2/Build/Shell/DEBUG_GCC5/X64/MdeModulePkg/Library/UefiHiiLib/UefiHiiLib/OUTPUT/UefiHiiLib.lib
LOAD /home/yyk/stage/edk2/Build/Shell/DEBUG_GCC5/X64/ShellPkg/Library/UefiShellLib/UefiShellLib/OUTPUT/UefiShellLib.lib
LOAD /home/yyk/stage/edk2/Build/Shell/DEBUG_GCC5/X64/MdePkg/Library/UefiDriverEntryPoint/UefiDriverEntryPoint/OUTPUT/UefiDriverEntryPoint.lib
LOAD /home/yyk/stage/edk2/Build/Shell/DEBUG_GCC5/X64/ShellPkg/DynamicCommand/VariablePolicyDynamicCommand/VariablePolicyDynamicCommand/OUTPUT/VariablePolicyDynamicCommandhii.lib
END GROUP
                0x0000000000000228                PECOFF_HEADER_SIZE = 0x228
                0x0000000000000228                . = PECOFF_HEADER_SIZE

.text           0x0000000000000240     0x73a8
 *(.text .text.* .stub .gnu.linkonce.t.*)
 .text.InternalSafeStringNoStrOverlap
                0x0000000000000240       0x29 /tmp/ccWWHV3a.ltrans0.ltrans.o
 .text.AsciiStrnLenS
                0x0000000000000269       0x26 /tmp/ccWWHV3a.ltrans0.ltrans.o
 .text.BasePrintLibFillBuffer
                0x000000000000028f       0x2d /tmp/ccWWHV3a.ltrans0.ltrans.o
 .text.DebugPrintEnabled
                0x00000000000002bc        0x3 /tmp/ccWWHV3a.ltrans0.ltrans.o
 .text.ExitBootServicesCallback
                0x00000000000002bf        0xc /tmp/ccWWHV3a.ltrans0.ltrans.o
 .text.ShellLibDestructor
                0x00000000000002cb      0x109 /tmp/ccWWHV3a.ltrans0.ltrans.o
 .text.AllocatePages.constprop.0
                0x00000000000003d4       0x33 /tmp/ccWWHV3a.ltrans0.ltrans.o
 .text.InternalAllocatePool.constprop.0
                0x0000000000000407       0x35 /tmp/ccWWHV3a.ltrans0.ltrans.o
 .text.BasePrintLibSPrint.constprop.0
                0x000000000000043c       0x9b /tmp/ccWWHV3a.ltrans0.ltrans.o
 .text.BasePrintLibSPrintMarker.constprop.0
                0x00000000000004d7      0xd28 /tmp/ccWWHV3a.ltrans0.ltrans.o
 .text.UnicodeVSPrintAsciiFormat.constprop.0
                0x00000000000011ff       0x94 /tmp/ccWWHV3a.ltrans0.ltrans.o
 .text.UnicodeSPrintAsciiFormat.constprop.0
                0x0000000000001293       0x27 /tmp/ccWWHV3a.ltrans0.ltrans.o
 .text.DebugAssert.part.0
                0x00000000000012ba       0x68 /tmp/ccWWHV3a.ltrans0.ltrans.o
 .text.DebugAssert
                0x0000000000001322        0xf /tmp/ccWWHV3a.ltrans0.ltrans.o
 .text.ZeroMem  0x0000000000001331       0xf2 /tmp/ccWWHV3a.ltrans0.ltrans.o
 .text.AllocateZeroPool
                0x0000000000001423       0xde /tmp/ccWWHV3a.ltrans0.ltrans.o
 .text.CopyMem  0x0000000000001501      0x24e /tmp/ccWWHV3a.ltrans0.ltrans.o
 .text.InternalBaseLibIsListValid
                0x000000000000174f       0x8e /tmp/ccWWHV3a.ltrans0.ltrans.o
 .text.InsertHeadList
                0x00000000000017dd       0x51 /tmp/ccWWHV3a.ltrans0.ltrans.o
 .text.GetFirstNode
                0x000000000000182e       0x37 /tmp/ccWWHV3a.ltrans0.ltrans.o
 .text.GetNextNode
                0x0000000000001865       0x37 /tmp/ccWWHV3a.ltrans0.ltrans.o
 .text.IsListEmpty
                0x000000000000189c       0x3a /tmp/ccWWHV3a.ltrans0.ltrans.o
 .text.IsNull   0x00000000000018d6       0x3f /tmp/ccWWHV3a.ltrans0.ltrans.o
 .text.StrnLenS
                0x0000000000001915       0x59 /tmp/ccWWHV3a.ltrans0.ltrans.o
 .text.StrLen   0x000000000000196e       0x7e /tmp/ccWWHV3a.ltrans0.ltrans.o
 .text.StrSize  0x00000000000019ec       0x15 /tmp/ccWWHV3a.ltrans0.ltrans.o
 .text.StrCmp   0x0000000000001a01       0x7b /tmp/ccWWHV3a.ltrans0.ltrans.o
 .text.StrnCmp  0x0000000000001a7c       0xca /tmp/ccWWHV3a.ltrans0.ltrans.o
 .text.StrStr   0x0000000000001b46       0x9e /tmp/ccWWHV3a.ltrans0.ltrans.o
 .text.AsciiStrLen
                0x0000000000001be4       0x6c /tmp/ccWWHV3a.ltrans0.ltrans.o
 .text.ReadUnaligned16
                0x0000000000001c50        0x4 /tmp/ccWWHV3a.ltrans0.ltrans.o
 .text.ReadUnaligned64
                0x0000000000001c54       0x33 /tmp/ccWWHV3a.ltrans0.ltrans.o
 .text.CompareGuid
                0x0000000000001c87       0x57 /tmp/ccWWHV3a.ltrans0.ltrans.o
 .text.BasePrintLibValueToString
                0x0000000000001cde       0x2f /tmp/ccWWHV3a.ltrans0.ltrans.o
 .text.UnicodeVSPrint
                0x0000000000001d0d       0xe0 /tmp/ccWWHV3a.ltrans0.ltrans.o
 .text.UnicodeSPrint
                0x0000000000001ded       0x1b /tmp/ccWWHV3a.ltrans0.ltrans.o
 .text.AllocateCopyPool
                0x0000000000001e08      0x12a /tmp/ccWWHV3a.ltrans0.ltrans.o
 .text.InternalIsFlag
                0x0000000000001f32       0xfa /tmp/ccWWHV3a.ltrans0.ltrans.o
 .text.InternalPrintTo
                0x000000000000202c       0xb5 /tmp/ccWWHV3a.ltrans0.ltrans.o
 .text.GetBestLanguage.constprop.0
                0x00000000000020e1      0x1a8 /tmp/ccWWHV3a.ltrans0.ltrans.o
 .text.DebugPrintMarker.constprop.0
                0x0000000000002289       0x67 /tmp/ccWWHV3a.ltrans0.ltrans.o
 .text.DebugPrint
                0x00000000000022f0       0x9c /tmp/ccWWHV3a.ltrans0.ltrans.o
 .text.ProcessLibraryDestructorList
                0x000000000000238c       0x6e /tmp/ccWWHV3a.ltrans0.ltrans.o
 .text.StrCatS  0x00000000000023fa      0x319 /tmp/ccWWHV3a.ltrans0.ltrans.o
 .text.GetAttributesString.constprop.0
                0x0000000000002713      0x235 /tmp/ccWWHV3a.ltrans0.ltrans.o
 .text.StrnCatS
                0x0000000000002948      0x37e /tmp/ccWWHV3a.ltrans0.ltrans.o
 .text.StrnCatGrow.constprop.0
                0x0000000000002cc6       0x99 /tmp/ccWWHV3a.ltrans0.ltrans.o
 .text.FreePool
                0x0000000000002d5f       0x4f /tmp/ccWWHV3a.ltrans0.ltrans.o
 .text.ReallocatePool
                0x0000000000002dae       0xe1 /tmp/ccWWHV3a.ltrans0.ltrans.o
 .text.ShellCommandLineFreeVarList
                0x0000000000002e8f       0xae /tmp/ccWWHV3a.ltrans0.ltrans.o
 .text.HiiGetStringEx.constprop.0
                0x0000000000002f3d      0x361 /tmp/ccWWHV3a.ltrans0.ltrans.o
 .text.VarPolicyCommandGetHelp
                0x000000000000329e       0x1e /tmp/ccWWHV3a.ltrans0.ltrans.o
 .text.ShellCopySearchAndReplace.constprop.0
                0x00000000000032bc      0x178 /tmp/ccWWHV3a.ltrans0.ltrans.o
 .text.StringNoCaseCompare
                0x0000000000003434       0x8a /tmp/ccWWHV3a.ltrans0.ltrans.o
 .text.ShellCommandLineGetFlag
                0x00000000000034be       0xf7 /tmp/ccWWHV3a.ltrans0.ltrans.o
 .text._DriverUnloadHandler
                0x00000000000035b5       0xbc /tmp/ccWWHV3a.ltrans0.ltrans.o
 .text.ShellLibConstructorWorker.constprop.0
                0x0000000000003671      0x343 /tmp/ccWWHV3a.ltrans0.ltrans.o
 .text.InternalCommandLineParse.part.0.constprop.0
                0x00000000000039b4      0x7d9 /tmp/ccWWHV3a.ltrans0.ltrans.o
 .text.FreePages.constprop.0
                0x000000000000418d       0x54 /tmp/ccWWHV3a.ltrans0.ltrans.o
 .text.ShellPrintHiiEx.constprop.0
                0x00000000000041e1      0x510 /tmp/ccWWHV3a.ltrans0.ltrans.o
 .text.VarPolicyCommandHandler
                0x00000000000046f1     0x10dd /tmp/ccWWHV3a.ltrans0.ltrans.o
 .text._ModuleEntryPoint
                0x00000000000057ce      0x4ac /tmp/ccWWHV3a.ltrans0.ltrans.o
                0x00000000000057ce                _ModuleEntryPoint
 *(.rodata .rodata.* .gnu.linkonce.r.*)
 .rodata.BasePrintLibSPrintMarker.constprop.0.str1.1
                0x0000000000005c7a      0x298 /tmp/ccWWHV3a.ltrans0.ltrans.o
                                        0x29b (size before relaxing)
 *fill*         0x0000000000005f12        0x2 
 .rodata.BasePrintLibSPrintMarker.constprop.0
                0x0000000000005f14       0xec /tmp/ccWWHV3a.ltrans0.ltrans.o
 .rodata.UnicodeSPrintAsciiFormat.constprop.0.str1.1
                0x0000000000006000       0x18 /tmp/ccWWHV3a.ltrans0.ltrans.o
 .rodata.DebugAssert.part.0.str1.1
                0x0000000000006018       0x1d /tmp/ccWWHV3a.ltrans0.ltrans.o
 .rodata.ZeroMem.str1.1
                0x0000000000006035       0x79 /tmp/ccWWHV3a.ltrans0.ltrans.o
 .rodata.CopyMem.str1.1
                0x00000000000060ae       0xc4 /tmp/ccWWHV3a.ltrans0.ltrans.o
 .rodata.InternalBaseLibIsListValid.str1.1
                0x0000000000006172       0x8f /tmp/ccWWHV3a.ltrans0.ltrans.o
 .rodata.InsertHeadList.str1.1
                0x0000000000006201       0x26 /tmp/ccWWHV3a.ltrans0.ltrans.o
 .rodata.GetFirstNode.str1.1
                0x0000000000006227       0x22 /tmp/ccWWHV3a.ltrans0.ltrans.o
 .rodata.StrnLenS.str1.1
                0x0000000000006249       0x5b /tmp/ccWWHV3a.ltrans0.ltrans.o
 .rodata.StrLen.str1.1
                0x00000000000062a4       0x86 /tmp/ccWWHV3a.ltrans0.ltrans.o
 .rodata.StrCmp.str1.1
                0x000000000000632a       0x37 /tmp/ccWWHV3a.ltrans0.ltrans.o
 .rodata.StrnCmp.str1.1
                0x0000000000006361       0x3b /tmp/ccWWHV3a.ltrans0.ltrans.o
 .rodata.StrStr.str1.1
                0x000000000000639c       0x32 /tmp/ccWWHV3a.ltrans0.ltrans.o
 .rodata.AsciiStrLen.str1.1
                0x00000000000063ce       0x38 /tmp/ccWWHV3a.ltrans0.ltrans.o
 .rodata.ReadUnaligned64.str1.1
                0x0000000000006406       0x38 /tmp/ccWWHV3a.ltrans0.ltrans.o
 .rodata.UnicodeVSPrint.str1.1
                0x000000000000643e       0x8b /tmp/ccWWHV3a.ltrans0.ltrans.o
 .rodata.AllocateCopyPool.str1.1
                0x00000000000064c9       0x90 /tmp/ccWWHV3a.ltrans0.ltrans.o
 .rodata.InternalIsFlag.str1.1
                0x0000000000006559       0x57 /tmp/ccWWHV3a.ltrans0.ltrans.o
 .rodata.InternalPrintTo.str1.1
                0x00000000000065b0       0x12 /tmp/ccWWHV3a.ltrans0.ltrans.o
 .rodata.GetBestLanguage.constprop.0.str1.1
                0x00000000000065c2       0xc9 /tmp/ccWWHV3a.ltrans0.ltrans.o
 .rodata.ProcessLibraryDestructorList.str1.1
                0x000000000000668b       0xda /tmp/ccWWHV3a.ltrans0.ltrans.o
 .rodata.StrCatS.str1.1
                0x0000000000006765      0x18b /tmp/ccWWHV3a.ltrans0.ltrans.o
 .rodata.GetAttributesString.constprop.0.str1.1
                0x00000000000068f0       0x21 /tmp/ccWWHV3a.ltrans0.ltrans.o
 *fill*         0x0000000000006911        0x1 
 .rodata.GetAttributesString.constprop.0.str2.2
                0x0000000000006912       0xb6 /tmp/ccWWHV3a.ltrans0.ltrans.o
 .rodata.StrnCatS.str1.1
                0x00000000000069c8       0x3f /tmp/ccWWHV3a.ltrans0.ltrans.o
 .rodata.StrnCatGrow.constprop.0.str1.1
                0x0000000000006a07       0x11 /tmp/ccWWHV3a.ltrans0.ltrans.o
 .rodata.ShellCommandLineFreeVarList.str1.1
                0x0000000000006a18       0x15 /tmp/ccWWHV3a.ltrans0.ltrans.o
 .rodata.HiiGetStringEx.constprop.0.str1.1
                0x0000000000006a2d       0xc3 /tmp/ccWWHV3a.ltrans0.ltrans.o
                                         0xc4 (size before relaxing)
 .rodata.HiiGetStringEx.constprop.0.str2.2
                0x0000000000006af0       0x1a /tmp/ccWWHV3a.ltrans0.ltrans.o
 .rodata.ShellCopySearchAndReplace.constprop.0.str2.2
                0x0000000000006b0a        0x4 /tmp/ccWWHV3a.ltrans0.ltrans.o
 .rodata.StringNoCaseCompare.str1.1
                0x0000000000006b0e       0x44 /tmp/ccWWHV3a.ltrans0.ltrans.o
 .rodata._DriverUnloadHandler.str1.1
                0x0000000000006b52       0x3e /tmp/ccWWHV3a.ltrans0.ltrans.o
 .rodata.ShellLibConstructorWorker.constprop.0.str1.1
                0x0000000000006b90       0x11 /tmp/ccWWHV3a.ltrans0.ltrans.o
 .rodata.InternalCommandLineParse.part.0.constprop.0.str1.1
                0x0000000000006ba1       0x2b /tmp/ccWWHV3a.ltrans0.ltrans.o
 .rodata.InternalCommandLineParse.part.0.constprop.0.str2.2
                0x0000000000006bcc        0xc /tmp/ccWWHV3a.ltrans0.ltrans.o
 .rodata.ShellPrintHiiEx.constprop.0.str2.2
                0x0000000000006bd8       0x2c /tmp/ccWWHV3a.ltrans0.ltrans.o
                                         0x4a (size before relaxing)
 .rodata.VarPolicyCommandHandler.str1.1
                0x0000000000006c04      0x132 /tmp/ccWWHV3a.ltrans0.ltrans.o
 .rodata.VarPolicyCommandHandler.str2.2
                0x0000000000006d36       0xde /tmp/ccWWHV3a.ltrans0.ltrans.o
 .rodata._ModuleEntryPoint.str1.1
                0x0000000000006e14      0x298 /tmp/ccWWHV3a.ltrans0.ltrans.o
 *fill*         0x00000000000070ac       0x14 
 .rodata.mWarningString
                0x00000000000070c0       0xc8 /tmp/ccWWHV3a.ltrans0.ltrans.o
 *fill*         0x0000000000007188       0x18 
 .rodata.mErrorString
                0x00000000000071a0      0x2df /tmp/ccWWHV3a.ltrans0.ltrans.o
 *fill*         0x000000000000747f        0x1 
 .rodata.__func__.27
                0x0000000000007480        0x8 /tmp/ccWWHV3a.ltrans0.ltrans.o
 *fill*         0x0000000000007488        0x8 
 .rodata.mHexStr
                0x0000000000007490       0x10 /tmp/ccWWHV3a.ltrans0.ltrans.o
 .rodata.__func__.24
                0x00000000000074a0        0x9 /tmp/ccWWHV3a.ltrans0.ltrans.o
 *fill*         0x00000000000074a9        0x7 
 .rodata.__func__.25
                0x00000000000074b0        0x8 /tmp/ccWWHV3a.ltrans0.ltrans.o
 .rodata.str2.2
                0x00000000000074b8      0x130 /tmp/ccWWHV3a.ltrans0.ltrans.o
 *(.got .got.*)
 .got           0x00000000000075e8        0x0 VariablePolicy.obj (symbol from plugin)
 .got.plt       0x00000000000075e8        0x0 VariablePolicy.obj (symbol from plugin)
 *:AutoGen.obj(.data.g*Guid)

.plt            0x00000000000075f0        0x0
 .plt           0x00000000000075f0        0x0 VariablePolicy.obj (symbol from plugin)

.plt.got        0x00000000000075e8        0x0
 .plt.got       0x00000000000075e8        0x0 VariablePolicy.obj (symbol from plugin)

.data           0x0000000000007600      0x360
 *(.data .data.* .gnu.linkonce.d.*)
 .data.gShellAliasGuid
                0x0000000000007600       0x10 /tmp/ccWWHV3a.ltrans0.ltrans.o
 .data.gShellVariableGuid
                0x0000000000007610       0x10 /tmp/ccWWHV3a.ltrans0.ltrans.o
 .data.gEfiMemoryOverwriteRequestControlLockGuid
                0x0000000000007620       0x10 /tmp/ccWWHV3a.ltrans0.ltrans.o
 .data.gMtcVendorGuid
                0x0000000000007630       0x10 /tmp/ccWWHV3a.ltrans0.ltrans.o
 .data.gEfiMemoryTypeInformationGuid
                0x0000000000007640       0x10 /tmp/ccWWHV3a.ltrans0.ltrans.o
 .data.gEfiCapsuleReportGuid
                0x0000000000007650       0x10 /tmp/ccWWHV3a.ltrans0.ltrans.o
 .data.gEfiCapsuleVendorGuid
                0x0000000000007660       0x10 /tmp/ccWWHV3a.ltrans0.ltrans.o
 .data.gEfiGlobalVariableGuid
                0x0000000000007670       0x10 /tmp/ccWWHV3a.ltrans0.ltrans.o
 .data.gEfiShellEnvironment2ExtGuid
                0x0000000000007680       0x10 /tmp/ccWWHV3a.ltrans0.ltrans.o
 .data.gEfiDevicePathUtilitiesProtocolGuid
                0x0000000000007690       0x10 /tmp/ccWWHV3a.ltrans0.ltrans.o
 .data.gEfiHiiImageProtocolGuid
                0x00000000000076a0       0x10 /tmp/ccWWHV3a.ltrans0.ltrans.o
 .data.gEfiHiiFontProtocolGuid
                0x00000000000076b0       0x10 /tmp/ccWWHV3a.ltrans0.ltrans.o
 .data.gEfiHiiConfigRoutingProtocolGuid
                0x00000000000076c0       0x10 /tmp/ccWWHV3a.ltrans0.ltrans.o
 .data.gEfiHiiDatabaseProtocolGuid
                0x00000000000076d0       0x10 /tmp/ccWWHV3a.ltrans0.ltrans.o
 .data.gEfiHiiStringProtocolGuid
                0x00000000000076e0       0x10 /tmp/ccWWHV3a.ltrans0.ltrans.o
 .data.gEfiHiiPackageListProtocolGuid
                0x00000000000076f0       0x10 /tmp/ccWWHV3a.ltrans0.ltrans.o
 .data.gEfiLoadedImageProtocolGuid
                0x0000000000007700       0x10 /tmp/ccWWHV3a.ltrans0.ltrans.o
 .data.rel.local.mVarPolicyDynamicCommand
                0x0000000000007710       0x18 /tmp/ccWWHV3a.ltrans0.ltrans.o
 *fill*         0x0000000000007728        0x8 
 .data.gEfiShellDynamicCommandProtocolGuid
                0x0000000000007730       0x10 /tmp/ccWWHV3a.ltrans0.ltrans.o
 .data.gEfiShellParametersProtocolGuid
                0x0000000000007740       0x10 /tmp/ccWWHV3a.ltrans0.ltrans.o
 .data.gEfiShellProtocolGuid
                0x0000000000007750       0x10 /tmp/ccWWHV3a.ltrans0.ltrans.o
 .data.gEfiShellInterfaceGuid
                0x0000000000007760       0x10 /tmp/ccWWHV3a.ltrans0.ltrans.o
 .data.gEfiShellEnvironment2Guid
                0x0000000000007770       0x10 /tmp/ccWWHV3a.ltrans0.ltrans.o
 .data.gEfiUnicodeCollation2ProtocolGuid
                0x0000000000007780       0x10 /tmp/ccWWHV3a.ltrans0.ltrans.o
 *fill*         0x0000000000007790       0x10 
 .data.rel.ro.local.mVarNamespaces
                0x00000000000077a0       0xc0 /tmp/ccWWHV3a.ltrans0.ltrans.o
 .data.gEdkiiVariablePolicyProtocolGuid
                0x0000000000007860       0x10 /tmp/ccWWHV3a.ltrans0.ltrans.o
 *fill*         0x0000000000007870       0x10 
 .data.rel.ro.local.ParamList
                0x0000000000007880       0x40 /tmp/ccWWHV3a.ltrans0.ltrans.o
 .data.rel.ro   0x00000000000078c0        0x0 VariablePolicy.obj (symbol from plugin)
 *(.bss .bss.*)
 .bss.mDevicePathLibDevicePathUtilities
                0x00000000000078c0        0x8 /tmp/ccWWHV3a.ltrans0.ltrans.o
 .bss.gHiiImage
                0x00000000000078c8        0x8 /tmp/ccWWHV3a.ltrans0.ltrans.o
 .bss.gHiiFont  0x00000000000078d0        0x8 /tmp/ccWWHV3a.ltrans0.ltrans.o
 .bss.gHiiConfigRouting
                0x00000000000078d8        0x8 /tmp/ccWWHV3a.ltrans0.ltrans.o
 .bss.gHiiString
                0x00000000000078e0        0x8 /tmp/ccWWHV3a.ltrans0.ltrans.o
 .bss.gHiiDatabase
                0x00000000000078e8        0x8 /tmp/ccWWHV3a.ltrans0.ltrans.o
 .bss.mEfiShellEnvironment2Handle
                0x00000000000078f0        0x8 /tmp/ccWWHV3a.ltrans0.ltrans.o
 .bss.mEfiShellEnvironment2
                0x00000000000078f8        0x8 /tmp/ccWWHV3a.ltrans0.ltrans.o
 .bss.mUnicodeCollation
                0x0000000000007900        0x8 /tmp/ccWWHV3a.ltrans0.ltrans.o
 .bss.mDebugST  0x0000000000007908        0x8 /tmp/ccWWHV3a.ltrans0.ltrans.o
 .bss.mPostEBS  0x0000000000007910        0x1 /tmp/ccWWHV3a.ltrans0.ltrans.o
 *fill*         0x0000000000007911        0x7 
 .bss.mExitBootServicesEvent
                0x0000000000007918        0x8 /tmp/ccWWHV3a.ltrans0.ltrans.o
 .bss.gST       0x0000000000007920        0x8 /tmp/ccWWHV3a.ltrans0.ltrans.o
 .bss.mEfiShellInterface
                0x0000000000007928        0x8 /tmp/ccWWHV3a.ltrans0.ltrans.o
 .bss.gBS       0x0000000000007930        0x8 /tmp/ccWWHV3a.ltrans0.ltrans.o
 .bss.gRT       0x0000000000007938        0x8 /tmp/ccWWHV3a.ltrans0.ltrans.o
 .bss.mVarPolicyShellCommandHiiHandle
                0x0000000000007940        0x8 /tmp/ccWWHV3a.ltrans0.ltrans.o
 .bss.gImageHandle
                0x0000000000007948        0x8 /tmp/ccWWHV3a.ltrans0.ltrans.o
 .bss.gEfiShellProtocol
                0x0000000000007950        0x8 /tmp/ccWWHV3a.ltrans0.ltrans.o
 .bss.gEfiShellParametersProtocol
                0x0000000000007958        0x8 /tmp/ccWWHV3a.ltrans0.ltrans.o

.eh_frame       0x0000000000007980        0x0
 *(.eh_frame)
 .eh_frame      0x0000000000007980        0x0 VariablePolicy.obj (symbol from plugin)
 .eh_frame      0x0000000000007980        0x0 VariablePolicy.obj (symbol from plugin)

.dynbss         0x0000000000007980        0x0
 .dynbss        0x0000000000007980        0x0 VariablePolicy.obj (symbol from plugin)

.gnu.version_d  0x0000000000007980        0x0
 .gnu.version_d
                0x0000000000007980        0x0 VariablePolicy.obj (symbol from plugin)

.gnu.version    0x0000000000007980        0x0
 .gnu.version   0x0000000000007980        0x0 VariablePolicy.obj (symbol from plugin)

.gnu.version_r  0x0000000000007980        0x0
 .gnu.version_r
                0x0000000000007980        0x0 VariablePolicy.obj (symbol from plugin)

.rela           0x0000000000007980      0x210
 *(.rela .rela.*)
 .rela.plt      0x0000000000007980        0x0 VariablePolicy.obj (symbol from plugin)
 .rela.got      0x0000000000007980        0x0 VariablePolicy.obj (symbol from plugin)
 .rela.bss      0x0000000000007980        0x0 VariablePolicy.obj (symbol from plugin)
 .rela.data.rel.ro
                0x0000000000007980        0x0 VariablePolicy.obj (symbol from plugin)
 .rela.ifunc    0x0000000000007980        0x0 VariablePolicy.obj (symbol from plugin)
 .rela.data.rel.local.mVarPolicyDynamicCommand
                0x0000000000007980       0x48 VariablePolicy.obj (symbol from plugin)
 .rela.data.rel.ro.local.mVarNamespaces
                0x00000000000079c8      0x180 VariablePolicy.obj (symbol from plugin)
 .rela.data.rel.ro.local.ParamList
                0x0000000000007b48       0x48 VariablePolicy.obj (symbol from plugin)

.hii            0x0000000000007bc0     0x1475
 *(.hii)
 .hii           0x0000000000007bc0     0x1475 /home/yyk/stage/edk2/Build/Shell/DEBUG_GCC5/X64/ShellPkg/DynamicCommand/VariablePolicyDynamicCommand/VariablePolicyDynamicCommand/OUTPUT/VariablePolicyDynamicCommandhii.lib
                0x0000000000007bc0                _binary__home_yyk_edk2_Build_Shell_DEBUG_GCC5_X64_ShellPkg_DynamicCommand_VariablePolicyDynamicCommand_VariablePolicyDynamicCommand_OUTPUT_VariablePolicyDynamicCommandhii_rc_start
                0x0000000000009035                _binary__home_yyk_edk2_Build_Shell_DEBUG_GCC5_X64_ShellPkg_DynamicCommand_VariablePolicyDynamicCommand_VariablePolicyDynamicCommand_OUTPUT_VariablePolicyDynamicCommandhii_rc_end

.got            0x0000000000009035        0x0
 *(.got)
                0x0000000000000001                ASSERT ((SIZEOF (.got) == 0x0), Unexpected GOT entries detected!)

.got.plt        0x0000000000009035        0x0
 *(.got.plt)
                0x0000000000000001                ASSERT ((((SIZEOF (.got.plt) == 0x0) || (SIZEOF (.got.plt) == 0xc)) || (SIZEOF (.got.plt) == 0x18)), Unexpected GOT/PLT entries detected!)

.build-id       0x0000000000009038       0x24
 *(.note.gnu.build-id)
 .note.gnu.build-id
                0x0000000000009038       0x24 VariablePolicy.obj (symbol from plugin)

/DISCARD/
 *(.note.GNU-stack)
 *(.gnu_debuglink)
 *(.interp)
 *(.dynsym)
 *(.dynstr)
 *(.dynamic)
 *(.hash .gnu.hash)
 *(.comment)
OUTPUT(/home/yyk/stage/edk2/Build/Shell/DEBUG_GCC5/X64/ShellPkg/DynamicCommand/VariablePolicyDynamicCommand/VariablePolicyDynamicCommand/DEBUG/VariablePolicyDynamicCommand.dll elf64-x86-64)

.debug_info     0x0000000000000000    0x2c2e1
 .debug_info    0x0000000000000000     0x7497 /tmp/ccWWHV3a.ltrans0.ltrans.o
 .debug_info    0x0000000000007497     0x2695 /tmp/ccSvWw4Q.debug.temp.o
                0x0000000000007497                VariablePolicy.c.bbe0cb5c
 .debug_info    0x0000000000009b2c     0x2448 /tmp/ccfRITej.debug.temp.o
                0x0000000000009b2c                VariablePolicyDynamicCommand.c.a7a3334e
 .debug_info    0x000000000000bf74     0x1f5f /tmp/cc71TnNE.debug.temp.o
                0x000000000000bf74                AutoGen.c.c299c2bc
 .debug_info    0x000000000000ded3      0x136 /tmp/ccZlTJes.debug.temp.o
                0x000000000000ded3                SetMem.c.7ec1a1dc
 .debug_info    0x000000000000e009      0x104 /tmp/cc01XbKX.debug.temp.o
                0x000000000000e009                ZeroMemWrapper.c.4966187c
 .debug_info    0x000000000000e10d      0x119 /tmp/cc6yLJiF.debug.temp.o
                0x000000000000e10d                CopyMemWrapper.c.4e0c4dbd
 .debug_info    0x000000000000e226      0x32b /tmp/ccqZc8sA.debug.temp.o
                0x000000000000e226                MemLibGeneric.c.31327062
 .debug_info    0x000000000000e551      0x273 /tmp/cciGFvxe.debug.temp.o
                0x000000000000e551                MemLibGuid.c.da585824
 .debug_info    0x000000000000e7c4      0x154 /tmp/ccIZDMjZ.debug.temp.o
                0x000000000000e7c4                CopyMem.c.b5f329b6
 .debug_info    0x000000000000e918      0x1a7 /tmp/cckIZXoG.debug.temp.o
                0x000000000000e918                SetJump.c.f7ff463e
 .debug_info    0x000000000000eabf      0x121 /tmp/cczToAQC.debug.temp.o
                0x000000000000eabf                DivU64x32Remainder.c.366519cf
 .debug_info    0x000000000000ebe0      0x327 /tmp/ccafpb84.debug.temp.o
                0x000000000000ebe0                LinkedList.c.d27b5bb1
 .debug_info    0x000000000000ef07     0x10b0 /tmp/ccMGXgnl.debug.temp.o
                0x000000000000ef07                SafeString.c.ab3b1e96
 .debug_info    0x000000000000ffb7      0x7a9 /tmp/ccFbpy6j.debug.temp.o
                0x000000000000ffb7                String.c.a4c91199
 .debug_info    0x0000000000010760      0x2d6 /tmp/ccdPd0OK.debug.temp.o
                0x0000000000010760                Math64.c.57a699cc
 .debug_info    0x0000000000010a36      0x228 /tmp/ccLx0Kma.debug.temp.o
                0x0000000000010a36                Unaligned.c.0847901d
 .debug_info    0x0000000000010c5e      0x2e1 /tmp/ccLaA6ED.debug.temp.o
                0x0000000000010c5e                GccInline.c.109a2ab6
 .debug_info    0x0000000000010f3f      0x764 /tmp/ccj9SXPB.debug.temp.o
                0x0000000000010f3f                PrintLibInternal.c.6848144e
 .debug_info    0x00000000000116a3      0x588 /tmp/ccUfd5dd.debug.temp.o
                0x00000000000116a3                PrintLib.c.6f82e356
 .debug_info    0x0000000000011c2b     0x198d /tmp/cc8QSqxp.debug.temp.o
                0x0000000000011c2b                DebugLib.c.7d904dfd
 .debug_info    0x00000000000135b8     0x1758 /tmp/ccDdHUdO.debug.temp.o
                0x00000000000135b8                DebugLibConstructor.c.4cf6ee76
 .debug_info    0x0000000000014d10     0x1763 /tmp/cc1mrB4N.debug.temp.o
                0x0000000000014d10                UefiBootServicesTableLib.c.37c91740
 .debug_info    0x0000000000016473     0x135a /tmp/ccAcyiju.debug.temp.o
                0x0000000000016473                MemoryAllocationLib.c.180a50b7
 .debug_info    0x00000000000177cd     0x1d43 /tmp/ccTWG6ko.debug.temp.o
                0x00000000000177cd                UefiDevicePathLibOptionalDevicePathProtocol.c.ae1f5eb9
 .debug_info    0x0000000000019510     0x173a /tmp/ccy9JFHB.debug.temp.o
                0x0000000000019510                UefiRuntimeServicesTableLib.c.612efb25
 .debug_info    0x000000000001ac4a     0x2598 /tmp/ccBLxcXX.debug.temp.o
                0x000000000001ac4a                UefiLib.c.79e77a39
 .debug_info    0x000000000001d1e2     0x2782 /tmp/ccVTp2zF.debug.temp.o
                0x000000000001d1e2                UefiHiiServicesLib.c.a8e6a172
 .debug_info    0x000000000001f964     0x11af /tmp/cc7Aht0B.debug.temp.o
                0x000000000001f964                UefiSortLib.c.c7474eb3
 .debug_info    0x0000000000020b13      0xd43 /tmp/cco1x2es.debug.temp.o
                0x0000000000020b13                UefiFileHandleLib.c.a3994383
 .debug_info    0x0000000000021856     0x3c83 /tmp/ccEkrpKV.debug.temp.o
                0x0000000000021856                HiiLib.c.78c135dd
 .debug_info    0x00000000000254d9      0x659 /tmp/ccueZqhq.debug.temp.o
                0x00000000000254d9                HiiString.c.dd05d7c4
 .debug_info    0x0000000000025b32      0x3cf /tmp/cc5R8omS.debug.temp.o
                0x0000000000025b32                HiiLanguage.c.7801a20d
 .debug_info    0x0000000000025f01     0x4a9b /tmp/ccDSK8Yg.debug.temp.o
                0x0000000000025f01                UefiShellLib.c.47a1d196
 .debug_info    0x000000000002a99c     0x1945 /tmp/ccKXIzHC.debug.temp.o
                0x000000000002a99c                DriverEntryPoint.c.33c13220

.debug_abbrev   0x0000000000000000     0x3e21
 .debug_abbrev  0x0000000000000000      0x2ac /tmp/ccWWHV3a.ltrans0.ltrans.o
 .debug_abbrev  0x00000000000002ac      0x2f8 /tmp/ccSvWw4Q.debug.temp.o
 .debug_abbrev  0x00000000000005a4      0x284 /tmp/ccfRITej.debug.temp.o
 .debug_abbrev  0x0000000000000828      0x2d0 /tmp/cc71TnNE.debug.temp.o
 .debug_abbrev  0x0000000000000af8       0xa1 /tmp/ccZlTJes.debug.temp.o
 .debug_abbrev  0x0000000000000b99       0xb8 /tmp/cc01XbKX.debug.temp.o
 .debug_abbrev  0x0000000000000c51       0xbe /tmp/cc6yLJiF.debug.temp.o
 .debug_abbrev  0x0000000000000d0f       0xf0 /tmp/ccqZc8sA.debug.temp.o
 .debug_abbrev  0x0000000000000dff      0x107 /tmp/cciGFvxe.debug.temp.o
 .debug_abbrev  0x0000000000000f06       0x8f /tmp/ccIZDMjZ.debug.temp.o
 .debug_abbrev  0x0000000000000f95       0xe0 /tmp/cckIZXoG.debug.temp.o
 .debug_abbrev  0x0000000000001075       0xb2 /tmp/cczToAQC.debug.temp.o
 .debug_abbrev  0x0000000000001127      0x141 /tmp/ccafpb84.debug.temp.o
 .debug_abbrev  0x0000000000001268      0x1c7 /tmp/ccMGXgnl.debug.temp.o
 .debug_abbrev  0x000000000000142f      0x157 /tmp/ccFbpy6j.debug.temp.o
 .debug_abbrev  0x0000000000001586       0xd0 /tmp/ccdPd0OK.debug.temp.o
 .debug_abbrev  0x0000000000001656       0xb6 /tmp/ccLx0Kma.debug.temp.o
 .debug_abbrev  0x000000000000170c      0x135 /tmp/ccLaA6ED.debug.temp.o
 .debug_abbrev  0x0000000000001841      0x19f /tmp/ccj9SXPB.debug.temp.o
 .debug_abbrev  0x00000000000019e0      0x15a /tmp/ccUfd5dd.debug.temp.o
 .debug_abbrev  0x0000000000001b3a      0x27e /tmp/cc8QSqxp.debug.temp.o
 .debug_abbrev  0x0000000000001db8      0x1cc /tmp/ccDdHUdO.debug.temp.o
 .debug_abbrev  0x0000000000001f84      0x201 /tmp/cc1mrB4N.debug.temp.o
 .debug_abbrev  0x0000000000002185      0x26b /tmp/ccAcyiju.debug.temp.o
 .debug_abbrev  0x00000000000023f0      0x2a1 /tmp/ccTWG6ko.debug.temp.o
 .debug_abbrev  0x0000000000002691      0x1d1 /tmp/ccy9JFHB.debug.temp.o
 .debug_abbrev  0x0000000000002862      0x2e0 /tmp/ccBLxcXX.debug.temp.o
 .debug_abbrev  0x0000000000002b42      0x265 /tmp/ccVTp2zF.debug.temp.o
 .debug_abbrev  0x0000000000002da7      0x22c /tmp/cc7Aht0B.debug.temp.o
 .debug_abbrev  0x0000000000002fd3      0x22f /tmp/cco1x2es.debug.temp.o
 .debug_abbrev  0x0000000000003202      0x36b /tmp/ccEkrpKV.debug.temp.o
 .debug_abbrev  0x000000000000356d      0x1b4 /tmp/ccueZqhq.debug.temp.o
 .debug_abbrev  0x0000000000003721      0x14c /tmp/cc5R8omS.debug.temp.o
 .debug_abbrev  0x000000000000386d      0x360 /tmp/ccDSK8Yg.debug.temp.o
 .debug_abbrev  0x0000000000003bcd      0x254 /tmp/ccKXIzHC.debug.temp.o

.debug_loclists
                0x0000000000000000     0x5413
 .debug_loclists
                0x0000000000000000     0x5413 /tmp/ccWWHV3a.ltrans0.ltrans.o

.debug_aranges  0x0000000000000000      0x4c0
 .debug_aranges
                0x0000000000000000      0x4c0 /tmp/ccWWHV3a.ltrans0.ltrans.o

.debug_rnglists
                0x0000000000000000      0x5eb
 .debug_rnglists
                0x0000000000000000      0x5eb /tmp/ccWWHV3a.ltrans0.ltrans.o

.debug_line     0x0000000000000000     0x4b8a
 .debug_line    0x0000000000000000     0x3b22 /tmp/ccWWHV3a.ltrans0.ltrans.o
 .debug_line    0x0000000000003b22       0xd1 /tmp/ccSvWw4Q.debug.temp.o
 .debug_line    0x0000000000003bf3       0xbd /tmp/ccfRITej.debug.temp.o
 .debug_line    0x0000000000003cb0       0x93 /tmp/cc71TnNE.debug.temp.o
 .debug_line    0x0000000000003d43       0x4c /tmp/ccZlTJes.debug.temp.o
 .debug_line    0x0000000000003d8f       0x51 /tmp/cc01XbKX.debug.temp.o
 .debug_line    0x0000000000003de0       0x51 /tmp/cc6yLJiF.debug.temp.o
 .debug_line    0x0000000000003e31       0x48 /tmp/ccqZc8sA.debug.temp.o
 .debug_line    0x0000000000003e79       0x5a /tmp/cciGFvxe.debug.temp.o
 .debug_line    0x0000000000003ed3       0x43 /tmp/ccIZDMjZ.debug.temp.o
 .debug_line    0x0000000000003f16       0x51 /tmp/cckIZXoG.debug.temp.o
 .debug_line    0x0000000000003f67       0x51 /tmp/cczToAQC.debug.temp.o
 .debug_line    0x0000000000003fb8       0x5e /tmp/ccafpb84.debug.temp.o
 .debug_line    0x0000000000004016       0x6d /tmp/ccMGXgnl.debug.temp.o
 .debug_line    0x0000000000004083       0x63 /tmp/ccFbpy6j.debug.temp.o
 .debug_line    0x00000000000040e6       0x4c /tmp/ccdPd0OK.debug.temp.o
 .debug_line    0x0000000000004132       0x51 /tmp/ccLx0Kma.debug.temp.o
 .debug_line    0x0000000000004183       0x4c /tmp/ccLaA6ED.debug.temp.o
 .debug_line    0x00000000000041cf       0x68 /tmp/ccj9SXPB.debug.temp.o
 .debug_line    0x0000000000004237       0x5a /tmp/ccUfd5dd.debug.temp.o
 .debug_line    0x0000000000004291       0x93 /tmp/cc8QSqxp.debug.temp.o
 .debug_line    0x0000000000004324       0x72 /tmp/ccDdHUdO.debug.temp.o
 .debug_line    0x0000000000004396       0x80 /tmp/cc1mrB4N.debug.temp.o
 .debug_line    0x0000000000004416       0x7b /tmp/ccAcyiju.debug.temp.o
 .debug_line    0x0000000000004491       0x9d /tmp/ccTWG6ko.debug.temp.o
 .debug_line    0x000000000000452e       0x7b /tmp/ccy9JFHB.debug.temp.o
 .debug_line    0x00000000000045a9       0xac /tmp/ccBLxcXX.debug.temp.o
 .debug_line    0x0000000000004655       0xb5 /tmp/ccVTp2zF.debug.temp.o
 .debug_line    0x000000000000470a       0x9c /tmp/cc7Aht0B.debug.temp.o
 .debug_line    0x00000000000047a6       0x92 /tmp/cco1x2es.debug.temp.o
 .debug_line    0x0000000000004838       0xba /tmp/ccEkrpKV.debug.temp.o
 .debug_line    0x00000000000048f2       0x8e /tmp/ccueZqhq.debug.temp.o
 .debug_line    0x0000000000004980       0x7f /tmp/cc5R8omS.debug.temp.o
 .debug_line    0x00000000000049ff       0xf8 /tmp/ccDSK8Yg.debug.temp.o
 .debug_line    0x0000000000004af7       0x93 /tmp/ccKXIzHC.debug.temp.o

.debug_str      0x0000000000000000     0x7e0c
 .debug_str     0x0000000000000000      0x178 /tmp/ccWWHV3a.ltrans0.ltrans.o
                                        0x18a (size before relaxing)
 .debug_str     0x0000000000000178     0x1f73 /tmp/ccSvWw4Q.debug.temp.o
                                       0x221b (size before relaxing)
 .debug_str     0x00000000000020eb      0x856 /tmp/ccfRITej.debug.temp.o
                                       0x1f24 (size before relaxing)
 .debug_str     0x0000000000002941      0xaa4 /tmp/cc71TnNE.debug.temp.o
                                       0x1f42 (size before relaxing)
 .debug_str     0x00000000000033e5       0x3f /tmp/ccZlTJes.debug.temp.o
                                        0x249 (size before relaxing)
 .debug_str     0x0000000000003424       0x13 /tmp/cc01XbKX.debug.temp.o
                                        0x235 (size before relaxing)
 .debug_str     0x0000000000003437       0x32 /tmp/cc6yLJiF.debug.temp.o
                                        0x24d (size before relaxing)
 .debug_str     0x0000000000003469       0xc8 /tmp/ccqZc8sA.debug.temp.o
                                        0x339 (size before relaxing)
 .debug_str     0x0000000000003531       0xbc /tmp/cciGFvxe.debug.temp.o
                                        0x324 (size before relaxing)
 .debug_str     0x00000000000035ed       0x4d /tmp/ccIZDMjZ.debug.temp.o
                                        0x272 (size before relaxing)
 .debug_str     0x000000000000363a       0x42 /tmp/cckIZXoG.debug.temp.o
                                        0x25f (size before relaxing)
 .debug_str     0x000000000000367c       0x3d /tmp/cczToAQC.debug.temp.o
                                        0x25a (size before relaxing)
 .debug_str     0x00000000000036b9       0xd8 /tmp/ccafpb84.debug.temp.o
                                        0x38b (size before relaxing)
 .debug_str     0x0000000000003791      0x3ae /tmp/ccMGXgnl.debug.temp.o
                                        0x7f9 (size before relaxing)
 .debug_str     0x0000000000003b3f      0x1c8 /tmp/ccFbpy6j.debug.temp.o
                                        0x6b1 (size before relaxing)
 .debug_str     0x0000000000003d07      0x150 /tmp/ccdPd0OK.debug.temp.o
                                        0x387 (size before relaxing)
 .debug_str     0x0000000000003e57       0x73 /tmp/ccLx0Kma.debug.temp.o
                                        0x2bb (size before relaxing)
 .debug_str     0x0000000000003eca      0x139 /tmp/ccLaA6ED.debug.temp.o
                                        0x33e (size before relaxing)
 .debug_str     0x0000000000004003      0x236 /tmp/ccj9SXPB.debug.temp.o
                                        0x628 (size before relaxing)
 .debug_str     0x0000000000004239      0x123 /tmp/ccUfd5dd.debug.temp.o
                                        0x426 (size before relaxing)
 .debug_str     0x000000000000435c       0xb0 /tmp/cc8QSqxp.debug.temp.o
                                       0x1516 (size before relaxing)
 .debug_str     0x000000000000440c       0x30 /tmp/ccDdHUdO.debug.temp.o
                                       0x1338 (size before relaxing)
 .debug_str     0x000000000000443c     0x1311 /tmp/cc1mrB4N.debug.temp.o
 .debug_str     0x000000000000443c      0x22f /tmp/ccAcyiju.debug.temp.o
                                        0xf47 (size before relaxing)
 .debug_str     0x000000000000466b      0x4e4 /tmp/ccTWG6ko.debug.temp.o
                                       0x1a11 (size before relaxing)
 .debug_str     0x0000000000004b4f     0x1307 /tmp/ccy9JFHB.debug.temp.o
 .debug_str     0x0000000000004b4f      0x623 /tmp/ccBLxcXX.debug.temp.o
                                       0x1bd3 (size before relaxing)
 .debug_str     0x0000000000005172      0x738 /tmp/ccVTp2zF.debug.temp.o
                                       0x1f82 (size before relaxing)
 .debug_str     0x00000000000058aa      0x1e1 /tmp/cc7Aht0B.debug.temp.o
                                        0xf2a (size before relaxing)
 .debug_str     0x0000000000005a8b      0x263 /tmp/cco1x2es.debug.temp.o
                                        0x8ed (size before relaxing)
 .debug_str     0x0000000000005cee      0xe77 /tmp/ccEkrpKV.debug.temp.o
                                       0x2574 (size before relaxing)
 .debug_str     0x0000000000006b65       0x99 /tmp/ccueZqhq.debug.temp.o
                                        0x55e (size before relaxing)
 .debug_str     0x0000000000006bfe       0x24 /tmp/cc5R8omS.debug.temp.o
                                        0x40b (size before relaxing)
 .debug_str     0x0000000000006c22     0x11af /tmp/ccDSK8Yg.debug.temp.o
                                       0x3751 (size before relaxing)
 .debug_str     0x0000000000007dd1       0x3b /tmp/ccKXIzHC.debug.temp.o
                                       0x14aa (size before relaxing)

.debug_line_str
                0x0000000000000000     0x1d65
 .debug_line_str
                0x0000000000000000      0x4bc /tmp/ccWWHV3a.ltrans0.ltrans.o
                                        0x77c (size before relaxing)
 .debug_line_str
                0x00000000000004bc      0x310 /tmp/ccSvWw4Q.debug.temp.o
                                        0x480 (size before relaxing)
 .debug_line_str
                0x00000000000007cc       0xce /tmp/ccfRITej.debug.temp.o
                                        0x452 (size before relaxing)
 .debug_line_str
                0x000000000000089a       0xb2 /tmp/cc71TnNE.debug.temp.o
                                        0x35b (size before relaxing)
 .debug_line_str
                0x000000000000094c       0x96 /tmp/ccZlTJes.debug.temp.o
                                        0x13f (size before relaxing)
 .debug_line_str
                0x00000000000009e2       0x55 /tmp/cc01XbKX.debug.temp.o
                                        0x162 (size before relaxing)
 .debug_line_str
                0x0000000000000a37       0x43 /tmp/cc6yLJiF.debug.temp.o
                                        0x162 (size before relaxing)
 .debug_line_str
                0x0000000000000a7a       0x42 /tmp/ccqZc8sA.debug.temp.o
                                        0x129 (size before relaxing)
 .debug_line_str
                0x0000000000000abc       0x3f /tmp/cciGFvxe.debug.temp.o
                                        0x17d (size before relaxing)
 .debug_line_str
                0x0000000000000afb       0x3c /tmp/ccIZDMjZ.debug.temp.o
                                        0x10b (size before relaxing)
 .debug_line_str
                0x0000000000000b37       0x85 /tmp/cckIZXoG.debug.temp.o
                                        0x134 (size before relaxing)
 .debug_line_str
                0x0000000000000bbc       0x54 /tmp/cczToAQC.debug.temp.o
                                        0x153 (size before relaxing)
 .debug_line_str
                0x0000000000000c10       0x8e /tmp/ccafpb84.debug.temp.o
                                        0x1ba (size before relaxing)
 .debug_line_str
                0x0000000000000c9e       0x39 /tmp/ccMGXgnl.debug.temp.o
                                        0x1e7 (size before relaxing)
 .debug_line_str
                0x0000000000000cd7       0x35 /tmp/ccFbpy6j.debug.temp.o
                                        0x1bc (size before relaxing)
 .debug_line_str
                0x0000000000000d0c       0x35 /tmp/ccdPd0OK.debug.temp.o
                                        0x127 (size before relaxing)
 .debug_line_str
                0x0000000000000d41       0x38 /tmp/ccLx0Kma.debug.temp.o
                                        0x138 (size before relaxing)
 .debug_line_str
                0x0000000000000d79       0x3c /tmp/ccLaA6ED.debug.temp.o
                                        0x135 (size before relaxing)
 .debug_line_str
                0x0000000000000db5      0x10f /tmp/ccj9SXPB.debug.temp.o
                                        0x201 (size before relaxing)
 .debug_line_str
                0x0000000000000ec4       0x3c /tmp/ccUfd5dd.debug.temp.o
                                        0x17e (size before relaxing)
 .debug_line_str
                0x0000000000000f00      0x12c /tmp/cc8QSqxp.debug.temp.o
                                        0x2d9 (size before relaxing)
 .debug_line_str
                0x000000000000102c       0x4d /tmp/ccDdHUdO.debug.temp.o
                                        0x20f (size before relaxing)
 .debug_line_str
                0x0000000000001079       0xc9 /tmp/cc1mrB4N.debug.temp.o
                                        0x283 (size before relaxing)
 .debug_line_str
                0x0000000000001142       0xc1 /tmp/ccAcyiju.debug.temp.o
                                        0x266 (size before relaxing)
 .debug_line_str
                0x0000000000001203      0x1b6 /tmp/ccTWG6ko.debug.temp.o
                                        0x386 (size before relaxing)
 .debug_line_str
                0x00000000000013b9       0xd5 /tmp/ccy9JFHB.debug.temp.o
                                        0x27a (size before relaxing)
 .debug_line_str
                0x000000000000148e       0xf7 /tmp/ccBLxcXX.debug.temp.o
                                        0x2f7 (size before relaxing)
 .debug_line_str
                0x0000000000001585      0x173 /tmp/ccVTp2zF.debug.temp.o
                                        0x3a7 (size before relaxing)
 .debug_line_str
                0x00000000000016f8      0x121 /tmp/cc7Aht0B.debug.temp.o
                                        0x314 (size before relaxing)
 .debug_line_str
                0x0000000000001819      0x126 /tmp/cco1x2es.debug.temp.o
                                        0x2fb (size before relaxing)
 .debug_line_str
                0x000000000000193f      0x109 /tmp/ccEkrpKV.debug.temp.o
                                        0x371 (size before relaxing)
 .debug_line_str
                0x0000000000001a48       0x41 /tmp/ccueZqhq.debug.temp.o
                                        0x28d (size before relaxing)
 .debug_line_str
                0x0000000000001a89       0x43 /tmp/cc5R8omS.debug.temp.o
                                        0x274 (size before relaxing)
 .debug_line_str
                0x0000000000001acc      0x175 /tmp/ccDSK8Yg.debug.temp.o
                                        0x48b (size before relaxing)
 .debug_line_str
                0x0000000000001c41      0x124 /tmp/ccKXIzHC.debug.temp.o
                                        0x301 (size before relaxing)

.debug_frame    0x0000000000000000      0xf90
 .debug_frame   0x0000000000000000      0xf90 /tmp/ccWWHV3a.ltrans0.ltrans.o
