Archive member included to satisfy reference by file (symbol)

/home/yyk/edk2/Build/MdeModule/DEBUG_GCC5/X64/MdeModulePkg/Universal/ResetSystemRuntimeDxe/ResetSystemRuntimeDxe/OUTPUT/ResetSystemRuntimeDxe.lib(ResetSystem.obj)
                              (--whole-archive)
/home/yyk/edk2/Build/MdeModule/DEBUG_GCC5/X64/MdeModulePkg/Universal/ResetSystemRuntimeDxe/ResetSystemRuntimeDxe/OUTPUT/ResetSystemRuntimeDxe.lib(AutoGen.obj)
                              (--whole-archive)
/home/yyk/edk2/Build/MdeModule/DEBUG_GCC5/X64/MdePkg/Library/RegisterFilterLibNull/RegisterFilterLibNull/OUTPUT/FilterLibNull.lib(RegisterFilterLibNull.obj)
                              (--whole-archive)
/home/yyk/edk2/Build/MdeModule/DEBUG_GCC5/X64/MdePkg/Library/BasePcdLibNull/BasePcdLibNull/OUTPUT/BasePcdLibNull.lib(PcdLib.obj)
                              (--whole-archive)
/home/yyk/edk2/Build/MdeModule/DEBUG_GCC5/X64/MdePkg/Library/BaseMemoryLib/BaseMemoryLib/OUTPUT/BaseMemoryLib.lib(SetMem.obj)
                              (--whole-archive)
/home/yyk/edk2/Build/MdeModule/DEBUG_GCC5/X64/MdePkg/Library/BaseMemoryLib/BaseMemoryLib/OUTPUT/BaseMemoryLib.lib(ScanMem64Wrapper.obj)
                              (--whole-archive)
/home/yyk/edk2/Build/MdeModule/DEBUG_GCC5/X64/MdePkg/Library/BaseMemoryLib/BaseMemoryLib/OUTPUT/BaseMemoryLib.lib(ScanMem32Wrapper.obj)
                              (--whole-archive)
/home/yyk/edk2/Build/MdeModule/DEBUG_GCC5/X64/MdePkg/Library/BaseMemoryLib/BaseMemoryLib/OUTPUT/BaseMemoryLib.lib(ScanMem16Wrapper.obj)
                              (--whole-archive)
/home/yyk/edk2/Build/MdeModule/DEBUG_GCC5/X64/MdePkg/Library/BaseMemoryLib/BaseMemoryLib/OUTPUT/BaseMemoryLib.lib(ScanMem8Wrapper.obj)
                              (--whole-archive)
/home/yyk/edk2/Build/MdeModule/DEBUG_GCC5/X64/MdePkg/Library/BaseMemoryLib/BaseMemoryLib/OUTPUT/BaseMemoryLib.lib(ZeroMemWrapper.obj)
                              (--whole-archive)
/home/yyk/edk2/Build/MdeModule/DEBUG_GCC5/X64/MdePkg/Library/BaseMemoryLib/BaseMemoryLib/OUTPUT/BaseMemoryLib.lib(CompareMemWrapper.obj)
                              (--whole-archive)
/home/yyk/edk2/Build/MdeModule/DEBUG_GCC5/X64/MdePkg/Library/BaseMemoryLib/BaseMemoryLib/OUTPUT/BaseMemoryLib.lib(SetMem64Wrapper.obj)
                              (--whole-archive)
/home/yyk/edk2/Build/MdeModule/DEBUG_GCC5/X64/MdePkg/Library/BaseMemoryLib/BaseMemoryLib/OUTPUT/BaseMemoryLib.lib(SetMem32Wrapper.obj)
                              (--whole-archive)
/home/yyk/edk2/Build/MdeModule/DEBUG_GCC5/X64/MdePkg/Library/BaseMemoryLib/BaseMemoryLib/OUTPUT/BaseMemoryLib.lib(SetMem16Wrapper.obj)
                              (--whole-archive)
/home/yyk/edk2/Build/MdeModule/DEBUG_GCC5/X64/MdePkg/Library/BaseMemoryLib/BaseMemoryLib/OUTPUT/BaseMemoryLib.lib(SetMemWrapper.obj)
                              (--whole-archive)
/home/yyk/edk2/Build/MdeModule/DEBUG_GCC5/X64/MdePkg/Library/BaseMemoryLib/BaseMemoryLib/OUTPUT/BaseMemoryLib.lib(CopyMemWrapper.obj)
                              (--whole-archive)
/home/yyk/edk2/Build/MdeModule/DEBUG_GCC5/X64/MdePkg/Library/BaseMemoryLib/BaseMemoryLib/OUTPUT/BaseMemoryLib.lib(IsZeroBufferWrapper.obj)
                              (--whole-archive)
/home/yyk/edk2/Build/MdeModule/DEBUG_GCC5/X64/MdePkg/Library/BaseMemoryLib/BaseMemoryLib/OUTPUT/BaseMemoryLib.lib(MemLibGeneric.obj)
                              (--whole-archive)
/home/yyk/edk2/Build/MdeModule/DEBUG_GCC5/X64/MdePkg/Library/BaseMemoryLib/BaseMemoryLib/OUTPUT/BaseMemoryLib.lib(MemLibGuid.obj)
                              (--whole-archive)
/home/yyk/edk2/Build/MdeModule/DEBUG_GCC5/X64/MdePkg/Library/BaseMemoryLib/BaseMemoryLib/OUTPUT/BaseMemoryLib.lib(CopyMem.obj)
                              (--whole-archive)
/home/yyk/edk2/Build/MdeModule/DEBUG_GCC5/X64/MdePkg/Library/BaseLib/BaseLib/OUTPUT/BaseLib.lib(CheckSum.obj)
                              (--whole-archive)
/home/yyk/edk2/Build/MdeModule/DEBUG_GCC5/X64/MdePkg/Library/BaseLib/BaseLib/OUTPUT/BaseLib.lib(SwitchStack.obj)
                              (--whole-archive)
/home/yyk/edk2/Build/MdeModule/DEBUG_GCC5/X64/MdePkg/Library/BaseLib/BaseLib/OUTPUT/BaseLib.lib(SwapBytes64.obj)
                              (--whole-archive)
/home/yyk/edk2/Build/MdeModule/DEBUG_GCC5/X64/MdePkg/Library/BaseLib/BaseLib/OUTPUT/BaseLib.lib(SwapBytes32.obj)
                              (--whole-archive)
/home/yyk/edk2/Build/MdeModule/DEBUG_GCC5/X64/MdePkg/Library/BaseLib/BaseLib/OUTPUT/BaseLib.lib(SwapBytes16.obj)
                              (--whole-archive)
/home/yyk/edk2/Build/MdeModule/DEBUG_GCC5/X64/MdePkg/Library/BaseLib/BaseLib/OUTPUT/BaseLib.lib(LongJump.obj)
                              (--whole-archive)
/home/yyk/edk2/Build/MdeModule/DEBUG_GCC5/X64/MdePkg/Library/BaseLib/BaseLib/OUTPUT/BaseLib.lib(SetJump.obj)
                              (--whole-archive)
/home/yyk/edk2/Build/MdeModule/DEBUG_GCC5/X64/MdePkg/Library/BaseLib/BaseLib/OUTPUT/BaseLib.lib(QuickSort.obj)
[...]
Memory Configuration

Name             Origin             Length             Attributes
*default*        0x0000000000000000 0xffffffffffffffff

Linker script and memory map

START GROUP
LOAD /tmp/cckaHbHj.ltrans0.ltrans.o
LOAD /tmp/cc6ELqAa.debug.temp.o
LOAD /tmp/cc052mZj.debug.temp.o
LOAD /tmp/ccX9L087.debug.temp.o
LOAD /tmp/ccr0xT3R.debug.temp.o
LOAD /tmp/ccIIntDS.debug.temp.o
LOAD /tmp/ccz6ZxG4.debug.temp.o
LOAD /tmp/ccfEq1M2.debug.temp.o
LOAD /tmp/cch1793j.debug.temp.o
LOAD /tmp/ccsQbhuu.debug.temp.o
LOAD /tmp/cciALJOq.debug.temp.o
LOAD /tmp/ccxfFaWa.debug.temp.o
LOAD /tmp/ccwmKtYF.debug.temp.o
LOAD /tmp/ccSdVhaC.debug.temp.o
LOAD /tmp/ccRL6CUV.debug.temp.o
LOAD /tmp/cc2ZHi0w.debug.temp.o
LOAD /tmp/ccVe3e9z.debug.temp.o
LOAD /tmp/ccxkiOaK.debug.temp.o
LOAD /tmp/cc8adYEZ.debug.temp.o
LOAD /tmp/cc3wIIBM.debug.temp.o
LOAD /tmp/ccBXYl21.debug.temp.o
LOAD /tmp/ccarnU01.debug.temp.o
LOAD /tmp/ccnAhELL.debug.temp.o
LOAD /tmp/ccHVhSKq.debug.temp.o
LOAD /tmp/cc0ikuz5.debug.temp.o
LOAD /tmp/ccKxD1iu.debug.temp.o
LOAD /tmp/cciIwvO8.debug.temp.o
LOAD /tmp/ccO4skvo.debug.temp.o
LOAD /tmp/ccPuCoYW.debug.temp.o
LOAD /tmp/ccuCpybE.debug.temp.o
LOAD /tmp/ccZp91nC.debug.temp.o
LOAD /tmp/ccaLxAmB.debug.temp.o
LOAD /tmp/cc9gQLVW.debug.temp.o
LOAD /tmp/ccdqPTQZ.debug.temp.o
LOAD /tmp/ccwaCgVQ.debug.temp.o
LOAD /tmp/ccg97zL3.debug.temp.o
LOAD /tmp/ccEJ5Bdu.debug.temp.o
LOAD /tmp/cc4RK8iL.debug.temp.o
LOAD /tmp/ccISZQnA.debug.temp.o
LOAD /tmp/ccNhDXJz.debug.temp.o
LOAD /tmp/ccFOAs3c.debug.temp.o
LOAD /tmp/ccAmjope.debug.temp.o
LOAD /tmp/cctWdVNY.debug.temp.o
LOAD /tmp/ccdSrHAT.debug.temp.o
LOAD /tmp/ccKdzq9c.debug.temp.o
LOAD /tmp/ccnGcpuU.debug.temp.o
LOAD /tmp/ccaztDPj.debug.temp.o
LOAD /tmp/ccRUn9kL.debug.temp.o
LOAD /tmp/cciz0rUc.debug.temp.o
LOAD /tmp/cc5UbGOL.debug.temp.o
LOAD /tmp/ccC7ockb.debug.temp.o
LOAD /tmp/ccvyCOHG.debug.temp.o
LOAD /tmp/ccLQZFma.debug.temp.o
LOAD /tmp/ccULwJnG.debug.temp.o
LOAD /tmp/ccMRHuFN.debug.temp.o
LOAD /tmp/ccjIytGk.debug.temp.o
LOAD /tmp/cczRpddF.debug.temp.o
LOAD /tmp/cc2dpaWQ.debug.temp.o
LOAD /tmp/ccVLJc92.debug.temp.o
LOAD /tmp/cc6ttFiG.debug.temp.o
LOAD /tmp/ccKCfPPl.debug.temp.o
LOAD /tmp/ccBM5gEH.debug.temp.o
LOAD /tmp/ccbxaDkL.debug.temp.o
LOAD /tmp/ccTz20yS.debug.temp.o
LOAD /tmp/cc7zfKpp.debug.temp.o
LOAD /tmp/ccQvaayF.debug.temp.o
LOAD /tmp/ccaYfFMG.debug.temp.o
LOAD /tmp/ccbvDhHt.debug.temp.o
LOAD /tmp/ccWxIRcI.debug.temp.o
LOAD /tmp/ccxfhmer.debug.temp.o
LOAD /tmp/cc0SWtpz.debug.temp.o
LOAD /tmp/ccX85dE6.debug.temp.o
LOAD /tmp/ccfNrm6n.debug.temp.o
LOAD /tmp/cczMvkct.debug.temp.o
LOAD /tmp/ccR7yeLR.debug.temp.o
LOAD /tmp/ccq9wWiE.debug.temp.o
LOAD /tmp/ccbjhnEN.debug.temp.o
LOAD /tmp/ccRqxfeB.debug.temp.o
LOAD /tmp/ccMwS8E5.debug.temp.o
LOAD /tmp/ccKFcOd0.debug.temp.o
LOAD /tmp/cckuy8nQ.debug.temp.o
LOAD /tmp/ccjTcSqz.debug.temp.o
LOAD /tmp/ccXHhB2q.debug.temp.o
LOAD /tmp/ccYNGmmN.debug.temp.o
LOAD /tmp/cchrUaUd.debug.temp.o
LOAD /tmp/cc1pOXBh.debug.temp.o
LOAD /tmp/cc9MMHAE.debug.temp.o
LOAD /tmp/ccTwmlx5.debug.temp.o
LOAD /tmp/ccZFkMW4.debug.temp.o
LOAD /tmp/ccJWj2zF.debug.temp.o
LOAD /tmp/ccNqXdIU.debug.temp.o
LOAD /tmp/ccHUEWJU.debug.temp.o
LOAD /tmp/cc78YcP9.debug.temp.o
LOAD /tmp/cctz1S7J.debug.temp.o
LOAD /tmp/cczLDXcR.debug.temp.o
LOAD /tmp/ccPdltds.debug.temp.o
LOAD /tmp/ccGswfNe.debug.temp.o
LOAD /tmp/ccDscIsX.debug.temp.o
LOAD /tmp/ccL60NWd.debug.temp.o
LOAD /tmp/ccClIyuK.debug.temp.o
LOAD /tmp/ccUo9jup.debug.temp.o
LOAD /tmp/cc4qRkyz.debug.temp.o
LOAD /tmp/cckfh1Fc.debug.temp.o
LOAD /home/yyk/edk2/Build/MdeModule/DEBUG_GCC5/X64/MdeModulePkg/Universal/ResetSystemRuntimeDxe/ResetSystemRuntimeDxe/OUTPUT/ResetSystemRuntimeDxe.lib
LOAD /home/yyk/edk2/Build/MdeModule/DEBUG_GCC5/X64/MdePkg/Library/RegisterFilterLibNull/RegisterFilterLibNull/OUTPUT/FilterLibNull.lib
LOAD /home/yyk/edk2/Build/MdeModule/DEBUG_GCC5/X64/MdePkg/Library/BasePcdLibNull/BasePcdLibNull/OUTPUT/BasePcdLibNull.lib
LOAD /home/yyk/edk2/Build/MdeModule/DEBUG_GCC5/X64/MdePkg/Library/BaseMemoryLib/BaseMemoryLib/OUTPUT/BaseMemoryLib.lib
LOAD /home/yyk/edk2/Build/MdeModule/DEBUG_GCC5/X64/MdePkg/Library/BaseLib/BaseLib/OUTPUT/BaseLib.lib
LOAD /home/yyk/edk2/Build/MdeModule/DEBUG_GCC5/X64/MdePkg/Library/BaseDebugPrintErrorLevelLib/BaseDebugPrintErrorLevelLib/OUTPUT/BaseDebugPrintErrorLevelLib.lib
LOAD /home/yyk/edk2/Build/MdeModule/DEBUG_GCC5/X64/MdePkg/Library/BasePrintLib/BasePrintLib/OUTPUT/BasePrintLib.lib
LOAD /home/yyk/edk2/Build/MdeModule/DEBUG_GCC5/X64/MdePkg/Library/UefiDebugLibConOut/UefiDebugLibConOut/OUTPUT/UefiDebugLibConOut.lib
LOAD /home/yyk/edk2/Build/MdeModule/DEBUG_GCC5/X64/MdePkg/Library/UefiBootServicesTableLib/UefiBootServicesTableLib/OUTPUT/UefiBootServicesTableLib.lib
LOAD /home/yyk/edk2/Build/MdeModule/DEBUG_GCC5/X64/MdePkg/Library/UefiMemoryAllocationLib/UefiMemoryAllocationLib/OUTPUT/UefiMemoryAllocationLib.lib
LOAD /home/yyk/edk2/Build/MdeModule/DEBUG_GCC5/X64/MdePkg/Library/UefiRuntimeServicesTableLib/UefiRuntimeServicesTableLib/OUTPUT/UefiRuntimeServicesTableLib.lib
LOAD /home/yyk/edk2/Build/MdeModule/DEBUG_GCC5/X64/MdePkg/Library/UefiDevicePathLib/UefiDevicePathLib/OUTPUT/UefiDevicePathLib.lib
LOAD /home/yyk/edk2/Build/MdeModule/DEBUG_GCC5/X64/MdeModulePkg/Library/BaseResetSystemLibNull/BaseResetSystemLibNull/OUTPUT/BaseResetSystemLibNull.lib
LOAD /home/yyk/edk2/Build/MdeModule/DEBUG_GCC5/X64/MdePkg/Library/UefiRuntimeLib/UefiRuntimeLib/OUTPUT/UefiRuntimeLib.lib
LOAD /home/yyk/edk2/Build/MdeModule/DEBUG_GCC5/X64/MdePkg/Library/UefiDriverEntryPoint/UefiDriverEntryPoint/OUTPUT/UefiDriverEntryPoint.lib
LOAD /home/yyk/edk2/Build/MdeModule/DEBUG_GCC5/X64/MdePkg/Library/UefiLib/UefiLib/OUTPUT/UefiLib.lib
LOAD /home/yyk/edk2/Build/MdeModule/DEBUG_GCC5/X64/MdePkg/Library/BaseReportStatusCodeLibNull/BaseReportStatusCodeLibNull/OUTPUT/BaseReportStatusCodeLibNull.lib
END GROUP
                0x0000000000000228                PECOFF_HEADER_SIZE = 0x228
                0x0000000000000228                . = PECOFF_HEADER_SIZE

.text           0x0000000000000240     0x2568
 *(.text .text.* .stub .gnu.linkonce.t.*)
 .text.AsciiStrnLenS
                0x0000000000000240       0x26 /tmp/cckaHbHj.ltrans0.ltrans.o
 .text.BasePrintLibFillBuffer
                0x0000000000000266       0x2d /tmp/cckaHbHj.ltrans0.ltrans.o
 .text.DebugPrintEnabled
                0x0000000000000293        0x3 /tmp/cckaHbHj.ltrans0.ltrans.o
 .text.ExitBootServicesCallback
                0x0000000000000296        0xc /tmp/cckaHbHj.ltrans0.ltrans.o
 .text.RuntimeLibExitBootServicesEvent
                0x00000000000002a2        0xc /tmp/cckaHbHj.ltrans0.ltrans.o
 .text.RuntimeLibVirtualNotifyEvent
                0x00000000000002ae       0x1a /tmp/cckaHbHj.ltrans0.ltrans.o
 .text.BasePrintLibSPrint.constprop.0
                0x00000000000002c8       0x9b /tmp/cckaHbHj.ltrans0.ltrans.o
 .text.BasePrintLibSPrintMarker.constprop.0
                0x0000000000000363      0xad8 /tmp/cckaHbHj.ltrans0.ltrans.o
 .text.UnicodeVSPrintAsciiFormat.constprop.0
                0x0000000000000e3b       0x94 /tmp/cckaHbHj.ltrans0.ltrans.o
 .text.UnicodeSPrintAsciiFormat.constprop.0
                0x0000000000000ecf       0x27 /tmp/cckaHbHj.ltrans0.ltrans.o
 .text.DebugAssert.part.0
                0x0000000000000ef6       0x67 /tmp/cckaHbHj.ltrans0.ltrans.o
 .text.DebugAssert
                0x0000000000000f5d        0xf /tmp/cckaHbHj.ltrans0.ltrans.o
 .text.InternalBaseLibIsListValid
                0x0000000000000f6c       0x71 /tmp/cckaHbHj.ltrans0.ltrans.o
 .text.GetFirstNode
                0x0000000000000fdd       0x37 /tmp/cckaHbHj.ltrans0.ltrans.o
 .text.GetNextNode
                0x0000000000001014       0x37 /tmp/cckaHbHj.ltrans0.ltrans.o
 .text.IsNull   0x000000000000104b       0x3f /tmp/cckaHbHj.ltrans0.ltrans.o
 .text.RegisterResetNotify
                0x000000000000108a      0x186 /tmp/cckaHbHj.ltrans0.ltrans.o
 .text.ReadUnaligned16
                0x0000000000001210        0x4 /tmp/cckaHbHj.ltrans0.ltrans.o
 .text.ResetCold
                0x0000000000001214       0x18 /tmp/cckaHbHj.ltrans0.ltrans.o
 .text.DebugPrintMarker.constprop.0
                0x000000000000122c       0x67 /tmp/cckaHbHj.ltrans0.ltrans.o
 .text.DebugPrint
                0x0000000000001293       0x9c /tmp/cckaHbHj.ltrans0.ltrans.o
 .text.UnregisterResetNotify
                0x000000000000132f      0x186 /tmp/cckaHbHj.ltrans0.ltrans.o
 .text.RuntimeServiceResetSystem
                0x00000000000014b5      0x2c6 /tmp/cckaHbHj.ltrans0.ltrans.o
 .text.ProcessLibraryDestructorList
                0x000000000000177b      0x123 /tmp/cckaHbHj.ltrans0.ltrans.o
 .text._ModuleEntryPoint
                0x000000000000189e      0x328 /tmp/cckaHbHj.ltrans0.ltrans.o
                0x000000000000189e                _ModuleEntryPoint
 *(.rodata .rodata.* .gnu.linkonce.r.*)
 .rodata.BasePrintLibSPrintMarker.constprop.0.str1.1
                0x0000000000001bc6      0x185 /tmp/cckaHbHj.ltrans0.ltrans.o
 *fill*         0x0000000000001d4b        0x1 
 .rodata.BasePrintLibSPrintMarker.constprop.0
                0x0000000000001d4c       0xec /tmp/cckaHbHj.ltrans0.ltrans.o
 .rodata.UnicodeSPrintAsciiFormat.constprop.0.str1.1
                0x0000000000001e38       0x18 /tmp/cckaHbHj.ltrans0.ltrans.o
 .rodata.DebugAssert.part.0.str1.1
                0x0000000000001e50       0x16 /tmp/cckaHbHj.ltrans0.ltrans.o
 .rodata.InternalBaseLibIsListValid.str1.1
                0x0000000000001e66       0x74 /tmp/cckaHbHj.ltrans0.ltrans.o
 .rodata.GetFirstNode.str1.1
                0x0000000000001eda       0x22 /tmp/cckaHbHj.ltrans0.ltrans.o
 .rodata.RegisterResetNotify.str1.1
                0x0000000000001efc       0xad /tmp/cckaHbHj.ltrans0.ltrans.o
 .rodata.ResetCold.str1.1
                0x0000000000001fa9       0x66 /tmp/cckaHbHj.ltrans0.ltrans.o
 .rodata.UnregisterResetNotify.str1.1
                0x000000000000200f       0xa9 /tmp/cckaHbHj.ltrans0.ltrans.o
 .rodata.RuntimeServiceResetSystem.str1.1
                0x00000000000020b8       0xea /tmp/cckaHbHj.ltrans0.ltrans.o
 .rodata.ProcessLibraryDestructorList.str1.1
                0x00000000000021a2       0xcf /tmp/cckaHbHj.ltrans0.ltrans.o
 .rodata._ModuleEntryPoint.str1.1
                0x0000000000002271      0x114 /tmp/cckaHbHj.ltrans0.ltrans.o
 *fill*         0x0000000000002385        0xb 
 .rodata.mHexStr
                0x0000000000002390       0x10 /tmp/cckaHbHj.ltrans0.ltrans.o
 .rodata.mWarningString
                0x00000000000023a0       0xc8 /tmp/cckaHbHj.ltrans0.ltrans.o
 *fill*         0x0000000000002468       0x18 
 .rodata.mErrorString
                0x0000000000002480      0x2df /tmp/cckaHbHj.ltrans0.ltrans.o
 *fill*         0x000000000000275f        0x1 
 .rodata.str2.2
                0x0000000000002760       0x48 /tmp/cckaHbHj.ltrans0.ltrans.o
 *(.got .got.*)
 .got           0x00000000000027a8        0x0 ResetSystem.obj (symbol from plugin)
 .got.plt       0x00000000000027a8        0x0 ResetSystem.obj (symbol from plugin)
 *:AutoGen.obj(.data.g*Guid)

.plt            0x00000000000027b0        0x0
 .plt           0x00000000000027b0        0x0 ResetSystem.obj (symbol from plugin)

.plt.got        0x00000000000027a8        0x0
 .plt.got       0x00000000000027a8        0x0 ResetSystem.obj (symbol from plugin)

.data           0x00000000000027c0      0x180
 *(.data .data.* .gnu.linkonce.d.*)
 .data.gEdkiiPlatformSpecificResetHandlerProtocolGuid
                0x00000000000027c0       0x10 /tmp/cckaHbHj.ltrans0.ltrans.o
 .data.gEdkiiPlatformSpecificResetFilterProtocolGuid
                0x00000000000027d0       0x10 /tmp/cckaHbHj.ltrans0.ltrans.o
 .data.gEfiResetNotificationProtocolGuid
                0x00000000000027e0       0x10 /tmp/cckaHbHj.ltrans0.ltrans.o
 .data.gEfiResetArchProtocolGuid
                0x00000000000027f0       0x10 /tmp/cckaHbHj.ltrans0.ltrans.o
 .data.rel.local.mPlatformSpecificResetHandler
                0x0000000000002800       0x28 /tmp/cckaHbHj.ltrans0.ltrans.o
 *fill*         0x0000000000002828       0x18 
 .data.rel.local.mResetNotification
                0x0000000000002840       0x28 /tmp/cckaHbHj.ltrans0.ltrans.o
 *fill*         0x0000000000002868       0x18 
 .data.rel.local.mPlatformSpecificResetFilter
                0x0000000000002880       0x28 /tmp/cckaHbHj.ltrans0.ltrans.o
 *fill*         0x00000000000028a8       0x18 
 .data.rel.ro.local.mResetTypeStr
                0x00000000000028c0       0x20 /tmp/cckaHbHj.ltrans0.ltrans.o
 .data.rel.ro   0x00000000000028e0        0x0 ResetSystem.obj (symbol from plugin)
 *(.bss .bss.*)
 .bss.gImageHandle
                0x00000000000028e0        0x8 /tmp/cckaHbHj.ltrans0.ltrans.o
 .bss.gST       0x00000000000028e8        0x8 /tmp/cckaHbHj.ltrans0.ltrans.o
 .bss.gRT       0x00000000000028f0        0x8 /tmp/cckaHbHj.ltrans0.ltrans.o
 .bss.mInternalRT
                0x00000000000028f8        0x8 /tmp/cckaHbHj.ltrans0.ltrans.o
 .bss.mDebugST  0x0000000000002900        0x8 /tmp/cckaHbHj.ltrans0.ltrans.o
 .bss.mPostEBS  0x0000000000002908        0x1 /tmp/cckaHbHj.ltrans0.ltrans.o
 *fill*         0x0000000000002909        0x7 
 .bss.mEfiExitBootServicesEvent
                0x0000000000002910        0x8 /tmp/cckaHbHj.ltrans0.ltrans.o
 .bss.mEfiVirtualNotifyEvent
                0x0000000000002918        0x8 /tmp/cckaHbHj.ltrans0.ltrans.o
 .bss.mExitBootServicesEvent
                0x0000000000002920        0x8 /tmp/cckaHbHj.ltrans0.ltrans.o
 .bss.mEfiAtRuntime
                0x0000000000002928        0x1 /tmp/cckaHbHj.ltrans0.ltrans.o
 *fill*         0x0000000000002929        0x7 
 .bss.mResetNotifyDepth
                0x0000000000002930        0x8 /tmp/cckaHbHj.ltrans0.ltrans.o
 .bss.gBS       0x0000000000002938        0x8 /tmp/cckaHbHj.ltrans0.ltrans.o

.eh_frame       0x0000000000002940        0x0
 *(.eh_frame)
 .eh_frame      0x0000000000002940        0x0 ResetSystem.obj (symbol from plugin)
 .eh_frame      0x0000000000002940        0x0 ResetSystem.obj (symbol from plugin)

.dynbss         0x0000000000002940        0x0
 .dynbss        0x0000000000002940        0x0 ResetSystem.obj (symbol from plugin)

.gnu.version_d  0x0000000000002940        0x0
 .gnu.version_d
                0x0000000000002940        0x0 ResetSystem.obj (symbol from plugin)

.gnu.version    0x0000000000002940        0x0
 .gnu.version   0x0000000000002940        0x0 ResetSystem.obj (symbol from plugin)

.gnu.version_r  0x0000000000002940        0x0
 .gnu.version_r
                0x0000000000002940        0x0 ResetSystem.obj (symbol from plugin)

.rela           0x0000000000002940      0x180
 *(.rela .rela.*)
 .rela.plt      0x0000000000002940        0x0 ResetSystem.obj (symbol from plugin)
 .rela.got      0x0000000000002940        0x0 ResetSystem.obj (symbol from plugin)
 .rela.bss      0x0000000000002940        0x0 ResetSystem.obj (symbol from plugin)
 .rela.data.rel.ro
                0x0000000000002940        0x0 ResetSystem.obj (symbol from plugin)
 .rela.ifunc    0x0000000000002940        0x0 ResetSystem.obj (symbol from plugin)
 .rela.data.rel.local.mPlatformSpecificResetHandler
                0x0000000000002940       0x60 ResetSystem.obj (symbol from plugin)
 .rela.data.rel.local.mResetNotification
                0x00000000000029a0       0x60 ResetSystem.obj (symbol from plugin)
 .rela.data.rel.local.mPlatformSpecificResetFilter
                0x0000000000002a00       0x60 ResetSystem.obj (symbol from plugin)
 .rela.data.rel.ro.local.mResetTypeStr
                0x0000000000002a60       0x60 ResetSystem.obj (symbol from plugin)

.hii
 *(.hii)

.got            0x0000000000002ac0        0x0
 *(.got)
                0x0000000000000001                ASSERT ((SIZEOF (.got) == 0x0), Unexpected GOT entries detected!)

.got.plt        0x0000000000002ac0        0x0
 *(.got.plt)
                0x0000000000000001                ASSERT ((((SIZEOF (.got.plt) == 0x0) || (SIZEOF (.got.plt) == 0xc)) || (SIZEOF (.got.plt) == 0x18)), Unexpected GOT/PLT entries detected!)

.build-id       0x0000000000002ac0       0x24
 *(.note.gnu.build-id)
 .note.gnu.build-id
                0x0000000000002ac0       0x24 ResetSystem.obj (symbol from plugin)

/DISCARD/
 *(.note.GNU-stack)
 *(.gnu_debuglink)
 *(.interp)
 *(.dynsym)
 *(.dynstr)
 *(.dynamic)
 *(.hash .gnu.hash)
 *(.comment)
OUTPUT(/home/yyk/edk2/Build/MdeModule/DEBUG_GCC5/X64/MdeModulePkg/Universal/ResetSystemRuntimeDxe/ResetSystemRuntimeDxe/DEBUG/ResetSystemRuntimeDxe.dll elf64-x86-64)

.debug_info     0x0000000000000000    0x12a58
 .debug_info    0x0000000000000000     0x239a /tmp/cckaHbHj.ltrans0.ltrans.o
 .debug_info    0x000000000000239a     0x1b61 /tmp/cc6ELqAa.debug.temp.o
                0x000000000000239a                ResetSystem.c.3c183602
 .debug_info    0x0000000000003efb     0x1d47 /tmp/cc052mZj.debug.temp.o
                0x0000000000003efb                AutoGen.c.b61020a8
 .debug_info    0x0000000000005c42      0x1a7 /tmp/ccO4skvo.debug.temp.o
                0x0000000000005c42                SetJump.c.f37c9326
 .debug_info    0x0000000000005de9      0x327 /tmp/ccULwJnG.debug.temp.o
                0x0000000000005de9                LinkedList.c.4cb34c4a
 .debug_info    0x0000000000006110     0x10b0 /tmp/ccMRHuFN.debug.temp.o
                0x0000000000006110                SafeString.c.345c9b27
 .debug_info    0x00000000000071c0      0x228 /tmp/ccKCfPPl.debug.temp.o
                0x00000000000071c0                Unaligned.c.beb3597e
 .debug_info    0x00000000000073e8      0x764 /tmp/ccjTcSqz.debug.temp.o
                0x00000000000073e8                PrintLibInternal.c.16675fde
 .debug_info    0x0000000000007b4c      0x588 /tmp/ccXHhB2q.debug.temp.o
                0x0000000000007b4c                PrintLib.c.374cf74e
 .debug_info    0x00000000000080d4     0x198d /tmp/ccYNGmmN.debug.temp.o
                0x00000000000080d4                DebugLib.c.17f9ea44
 .debug_info    0x0000000000009a61     0x1758 /tmp/cchrUaUd.debug.temp.o
                0x0000000000009a61                DebugLibConstructor.c.c6ecffcc
 .debug_info    0x000000000000b1b9     0x1763 /tmp/cc1pOXBh.debug.temp.o
                0x000000000000b1b9                UefiBootServicesTableLib.c.625fec86
 .debug_info    0x000000000000c91c     0x135a /tmp/cc9MMHAE.debug.temp.o
                0x000000000000c91c                MemoryAllocationLib.c.472a68fa
 .debug_info    0x000000000000dc76     0x173a /tmp/ccTwmlx5.debug.temp.o
                0x000000000000dc76                UefiRuntimeServicesTableLib.c.c7493d31
 .debug_info    0x000000000000f3b0      0x180 /tmp/cctz1S7J.debug.temp.o
                0x000000000000f3b0                BaseResetSystemLibNull.c.465d4298
 .debug_info    0x000000000000f530     0x1be3 /tmp/cczLDXcR.debug.temp.o
                0x000000000000f530                RuntimeLib.c.9ae80106
 .debug_info    0x0000000000011113     0x1945 /tmp/ccPdltds.debug.temp.o
                0x0000000000011113                DriverEntryPoint.c.60f1447d

.debug_abbrev   0x0000000000000000     0x1f9f
 .debug_abbrev  0x0000000000000000      0x247 /tmp/cckaHbHj.ltrans0.ltrans.o
 .debug_abbrev  0x0000000000000247      0x2ac /tmp/cc6ELqAa.debug.temp.o
 .debug_abbrev  0x00000000000004f3      0x2be /tmp/cc052mZj.debug.temp.o
 .debug_abbrev  0x00000000000007b1       0xe0 /tmp/ccO4skvo.debug.temp.o
 .debug_abbrev  0x0000000000000891      0x141 /tmp/ccULwJnG.debug.temp.o
 .debug_abbrev  0x00000000000009d2      0x1c7 /tmp/ccMRHuFN.debug.temp.o
 .debug_abbrev  0x0000000000000b99       0xb6 /tmp/ccKCfPPl.debug.temp.o
 .debug_abbrev  0x0000000000000c4f      0x19f /tmp/ccjTcSqz.debug.temp.o
 .debug_abbrev  0x0000000000000dee      0x15a /tmp/ccXHhB2q.debug.temp.o
 .debug_abbrev  0x0000000000000f48      0x27e /tmp/ccYNGmmN.debug.temp.o
 .debug_abbrev  0x00000000000011c6      0x1cc /tmp/cchrUaUd.debug.temp.o
 .debug_abbrev  0x0000000000001392      0x201 /tmp/cc1pOXBh.debug.temp.o
 .debug_abbrev  0x0000000000001593      0x26b /tmp/cc9MMHAE.debug.temp.o
 .debug_abbrev  0x00000000000017fe      0x1d1 /tmp/ccTwmlx5.debug.temp.o
 .debug_abbrev  0x00000000000019cf       0xe0 /tmp/cctz1S7J.debug.temp.o
 .debug_abbrev  0x0000000000001aaf      0x29c /tmp/cczLDXcR.debug.temp.o
 .debug_abbrev  0x0000000000001d4b      0x254 /tmp/ccPdltds.debug.temp.o

.debug_loclists
                0x0000000000000000     0x180a
 .debug_loclists
                0x0000000000000000     0x180a /tmp/cckaHbHj.ltrans0.ltrans.o

.debug_aranges  0x0000000000000000      0x1f0
 .debug_aranges
                0x0000000000000000      0x1f0 /tmp/cckaHbHj.ltrans0.ltrans.o

.debug_rnglists
                0x0000000000000000      0x21c
 .debug_rnglists
                0x0000000000000000      0x21c /tmp/cckaHbHj.ltrans0.ltrans.o

.debug_line     0x0000000000000000     0x1c9a
 .debug_line    0x0000000000000000     0x1524 /tmp/cckaHbHj.ltrans0.ltrans.o
 .debug_line    0x0000000000001524       0xbe /tmp/cc6ELqAa.debug.temp.o
 .debug_line    0x00000000000015e2       0x93 /tmp/cc052mZj.debug.temp.o
 .debug_line    0x0000000000001675       0x51 /tmp/ccO4skvo.debug.temp.o
 .debug_line    0x00000000000016c6       0x5e /tmp/ccULwJnG.debug.temp.o
 .debug_line    0x0000000000001724       0x6d /tmp/ccMRHuFN.debug.temp.o
 .debug_line    0x0000000000001791       0x51 /tmp/ccKCfPPl.debug.temp.o
 .debug_line    0x00000000000017e2       0x68 /tmp/ccjTcSqz.debug.temp.o
 .debug_line    0x000000000000184a       0x5a /tmp/ccXHhB2q.debug.temp.o
 .debug_line    0x00000000000018a4       0x93 /tmp/ccYNGmmN.debug.temp.o
 .debug_line    0x0000000000001937       0x72 /tmp/cchrUaUd.debug.temp.o
 .debug_line    0x00000000000019a9       0x80 /tmp/cc1pOXBh.debug.temp.o
 .debug_line    0x0000000000001a29       0x7b /tmp/cc9MMHAE.debug.temp.o
 .debug_line    0x0000000000001aa4       0x7b /tmp/ccTwmlx5.debug.temp.o
 .debug_line    0x0000000000001b1f       0x63 /tmp/cctz1S7J.debug.temp.o
 .debug_line    0x0000000000001b82       0x85 /tmp/cczLDXcR.debug.temp.o
 .debug_line    0x0000000000001c07       0x93 /tmp/ccPdltds.debug.temp.o

.debug_str      0x0000000000000000     0x2dba
 .debug_str     0x0000000000000000      0x178 /tmp/cckaHbHj.ltrans0.ltrans.o
                                        0x18a (size before relaxing)
 .debug_str     0x0000000000000178     0x1449 /tmp/cc6ELqAa.debug.temp.o
                                       0x16e4 (size before relaxing)
 .debug_str     0x00000000000015c1      0x829 /tmp/cc052mZj.debug.temp.o
                                       0x1bfe (size before relaxing)
 .debug_str     0x0000000000001dea       0x42 /tmp/ccO4skvo.debug.temp.o
                                        0x25f (size before relaxing)
 .debug_str     0x0000000000001e2c       0x99 /tmp/ccULwJnG.debug.temp.o
                                        0x38b (size before relaxing)
 .debug_str     0x0000000000001ec5      0x3f0 /tmp/ccMRHuFN.debug.temp.o
                                        0x7f9 (size before relaxing)
 .debug_str     0x00000000000022b5       0x94 /tmp/ccKCfPPl.debug.temp.o
                                        0x2bb (size before relaxing)
 .debug_str     0x0000000000002349      0x261 /tmp/ccjTcSqz.debug.temp.o
                                        0x628 (size before relaxing)
 .debug_str     0x00000000000025aa      0x147 /tmp/ccXHhB2q.debug.temp.o
                                        0x426 (size before relaxing)
 .debug_str     0x00000000000026f1       0xc2 /tmp/ccYNGmmN.debug.temp.o
                                       0x1516 (size before relaxing)
 .debug_str     0x00000000000027b3       0x38 /tmp/cchrUaUd.debug.temp.o
                                       0x1338 (size before relaxing)
 .debug_str     0x00000000000027eb     0x1311 /tmp/cc1pOXBh.debug.temp.o
 .debug_str     0x00000000000027eb      0x239 /tmp/cc9MMHAE.debug.temp.o
                                        0xf47 (size before relaxing)
 .debug_str     0x0000000000002a24     0x1307 /tmp/ccTwmlx5.debug.temp.o
 .debug_str     0x0000000000002a24      0x2e5 /tmp/cctz1S7J.debug.temp.o
 .debug_str     0x0000000000002a24      0x2d5 /tmp/cczLDXcR.debug.temp.o
                                       0x16f2 (size before relaxing)
 .debug_str     0x0000000000002cf9       0xc1 /tmp/ccPdltds.debug.temp.o
                                       0x14aa (size before relaxing)

.debug_line_str
                0x0000000000000000      0xf48
 .debug_line_str
                0x0000000000000000      0x2f5 /tmp/cckaHbHj.ltrans0.ltrans.o
                                        0x482 (size before relaxing)
 .debug_line_str
                0x00000000000002f5      0x28c /tmp/cc6ELqAa.debug.temp.o
                                        0x3be (size before relaxing)
 .debug_line_str
                0x0000000000000581       0xc4 /tmp/cc052mZj.debug.temp.o
                                        0x304 (size before relaxing)
 .debug_line_str
                0x0000000000000645       0x7d /tmp/ccO4skvo.debug.temp.o
                                        0x11a (size before relaxing)
 .debug_line_str
                0x00000000000006c2       0x86 /tmp/ccULwJnG.debug.temp.o
                                        0x198 (size before relaxing)
 .debug_line_str
                0x0000000000000748       0x56 /tmp/ccMRHuFN.debug.temp.o
                                        0x1c5 (size before relaxing)
 .debug_line_str
                0x000000000000079e       0x32 /tmp/ccKCfPPl.debug.temp.o
                                        0x11e (size before relaxing)
 .debug_line_str
                0x00000000000007d0      0x105 /tmp/ccjTcSqz.debug.temp.o
                                        0x1df (size before relaxing)
 .debug_line_str
                0x00000000000008d5       0x36 /tmp/ccXHhB2q.debug.temp.o
                                        0x15e (size before relaxing)
 .debug_line_str
                0x000000000000090b      0x12d /tmp/ccYNGmmN.debug.temp.o
                                        0x2ab (size before relaxing)
 .debug_line_str
                0x0000000000000a38       0x47 /tmp/cchrUaUd.debug.temp.o
                                        0x1e9 (size before relaxing)
 .debug_line_str
                0x0000000000000a7f       0xc1 /tmp/cc1pOXBh.debug.temp.o
                                        0x257 (size before relaxing)
 .debug_line_str
                0x0000000000000b40       0xb9 /tmp/cc9MMHAE.debug.temp.o
                                        0x23a (size before relaxing)
 .debug_line_str
                0x0000000000000bf9       0xcd /tmp/ccTwmlx5.debug.temp.o
                                        0x24e (size before relaxing)
 .debug_line_str
                0x0000000000000cc6       0xc5 /tmp/cctz1S7J.debug.temp.o
                                        0x1e4 (size before relaxing)
 .debug_line_str
                0x0000000000000d8b       0x95 /tmp/cczLDXcR.debug.temp.o
                                        0x231 (size before relaxing)
 .debug_line_str
                0x0000000000000e20      0x128 /tmp/ccPdltds.debug.temp.o
                                        0x2d3 (size before relaxing)

.debug_frame    0x0000000000000000      0x5c8
 .debug_frame   0x0000000000000000      0x5c8 /tmp/cckaHbHj.ltrans0.ltrans.o
