Archive member included to satisfy reference by file (symbol)

/home/yyk/edk2/Build/MdeModule/DEBUG_GCC5/X64/MdeModulePkg/Bus/Pci/SdMmcPciHcPei/SdMmcPciHcPei/OUTPUT/SdMmcPciHcPei.lib(SdMmcPciHcPei.obj)
                              (--whole-archive)
/home/yyk/edk2/Build/MdeModule/DEBUG_GCC5/X64/MdeModulePkg/Bus/Pci/SdMmcPciHcPei/SdMmcPciHcPei/OUTPUT/SdMmcPciHcPei.lib(AutoGen.obj)
                              (--whole-archive)
/home/yyk/edk2/Build/MdeModule/DEBUG_GCC5/X64/MdePkg/Library/RegisterFilterLibNull/RegisterFilterLibNull/OUTPUT/FilterLibNull.lib(RegisterFilterLibNull.obj)
                              (--whole-archive)
/home/yyk/edk2/Build/MdeModule/DEBUG_GCC5/X64/MdePkg/Library/BasePcdLibNull/BasePcdLibNull/OUTPUT/BasePcdLibNull.lib(PcdLib.obj)
                              (--whole-archive)
/home/yyk/edk2/Build/MdeModule/DEBUG_GCC5/X64/MdePkg/Library/BaseLib/BaseLib/OUTPUT/BaseLib.lib(CheckSum.obj)
                              (--whole-archive)
/home/yyk/edk2/Build/MdeModule/DEBUG_GCC5/X64/MdePkg/Library/BaseLib/BaseLib/OUTPUT/BaseLib.lib(SwitchStack.obj)
                              (--whole-archive)
/home/yyk/edk2/Build/MdeModule/DEBUG_GCC5/X64/MdePkg/Library/BaseLib/BaseLib/OUTPUT/BaseLib.lib(SwapBytes64.obj)
                              (--whole-archive)
/home/yyk/edk2/Build/MdeModule/DEBUG_GCC5/X64/MdePkg/Library/BaseLib/BaseLib/OUTPUT/BaseLib.lib(SwapBytes32.obj)
                              (--whole-archive)
/home/yyk/edk2/Build/MdeModule/DEBUG_GCC5/X64/MdePkg/Library/BaseLib/BaseLib/OUTPUT/BaseLib.lib(SwapBytes16.obj)
                              (--whole-archive)
/home/yyk/edk2/Build/MdeModule/DEBUG_GCC5/X64/MdePkg/Library/BaseLib/BaseLib/OUTPUT/BaseLib.lib(LongJump.obj)
                              (--whole-archive)
/home/yyk/edk2/Build/MdeModule/DEBUG_GCC5/X64/MdePkg/Library/BaseLib/BaseLib/OUTPUT/BaseLib.lib(SetJump.obj)
                              (--whole-archive)
/home/yyk/edk2/Build/MdeModule/DEBUG_GCC5/X64/MdePkg/Library/BaseLib/BaseLib/OUTPUT/BaseLib.lib(QuickSort.obj)
                              (--whole-archive)
/home/yyk/edk2/Build/MdeModule/DEBUG_GCC5/X64/MdePkg/Library/BaseLib/BaseLib/OUTPUT/BaseLib.lib(RShiftU64.obj)
                              (--whole-archive)
/home/yyk/edk2/Build/MdeModule/DEBUG_GCC5/X64/MdePkg/Library/BaseLib/BaseLib/OUTPUT/BaseLib.lib(RRotU64.obj)
                              (--whole-archive)
/home/yyk/edk2/Build/MdeModule/DEBUG_GCC5/X64/MdePkg/Library/BaseLib/BaseLib/OUTPUT/BaseLib.lib(RRotU32.obj)
                              (--whole-archive)
/home/yyk/edk2/Build/MdeModule/DEBUG_GCC5/X64/MdePkg/Library/BaseLib/BaseLib/OUTPUT/BaseLib.lib(MultU64x64.obj)
                              (--whole-archive)
/home/yyk/edk2/Build/MdeModule/DEBUG_GCC5/X64/MdePkg/Library/BaseLib/BaseLib/OUTPUT/BaseLib.lib(MultU64x32.obj)
                              (--whole-archive)
/home/yyk/edk2/Build/MdeModule/DEBUG_GCC5/X64/MdePkg/Library/BaseLib/BaseLib/OUTPUT/BaseLib.lib(MultS64x64.obj)
                              (--whole-archive)
/home/yyk/edk2/Build/MdeModule/DEBUG_GCC5/X64/MdePkg/Library/BaseLib/BaseLib/OUTPUT/BaseLib.lib(ModU64x32.obj)
                              (--whole-archive)
/home/yyk/edk2/Build/MdeModule/DEBUG_GCC5/X64/MdePkg/Library/BaseLib/BaseLib/OUTPUT/BaseLib.lib(LShiftU64.obj)
                              (--whole-archive)
/home/yyk/edk2/Build/MdeModule/DEBUG_GCC5/X64/MdePkg/Library/BaseLib/BaseLib/OUTPUT/BaseLib.lib(LRotU64.obj)
                              (--whole-archive)
/home/yyk/edk2/Build/MdeModule/DEBUG_GCC5/X64/MdePkg/Library/BaseLib/BaseLib/OUTPUT/BaseLib.lib(LRotU32.obj)
                              (--whole-archive)
/home/yyk/edk2/Build/MdeModule/DEBUG_GCC5/X64/MdePkg/Library/BaseLib/BaseLib/OUTPUT/BaseLib.lib(LowBitSet64.obj)
                              (--whole-archive)
/home/yyk/edk2/Build/MdeModule/DEBUG_GCC5/X64/MdePkg/Library/BaseLib/BaseLib/OUTPUT/BaseLib.lib(LowBitSet32.obj)
                              (--whole-archive)
/home/yyk/edk2/Build/MdeModule/DEBUG_GCC5/X64/MdePkg/Library/BaseLib/BaseLib/OUTPUT/BaseLib.lib(HighBitSet64.obj)
                              (--whole-archive)
/home/yyk/edk2/Build/MdeModule/DEBUG_GCC5/X64/MdePkg/Library/BaseLib/BaseLib/OUTPUT/BaseLib.lib(HighBitSet32.obj)
                              (--whole-archive)
/home/yyk/edk2/Build/MdeModule/DEBUG_GCC5/X64/MdePkg/Library/BaseLib/BaseLib/OUTPUT/BaseLib.lib(GetPowerOfTwo64.obj)
                              (--whole-archive)
/home/yyk/edk2/Build/MdeModule/DEBUG_GCC5/X64/MdePkg/Library/BaseLib/BaseLib/OUTPUT/BaseLib.lib(GetPowerOfTwo32.obj)
                              (--whole-archive)
/home/yyk/edk2/Build/MdeModule/DEBUG_GCC5/X64/MdePkg/Library/BaseLib/BaseLib/OUTPUT/BaseLib.lib(DivU64x64Remainder.obj)
                              (--whole-archive)
/home/yyk/edk2/Build/MdeModule/DEBUG_GCC5/X64/MdePkg/Library/BaseLib/BaseLib/OUTPUT/BaseLib.lib(DivU64x32Remainder.obj)
                              (--whole-archive)
[...]
Memory Configuration

Name             Origin             Length             Attributes
*default*        0x0000000000000000 0xffffffffffffffff

Linker script and memory map

START GROUP
LOAD /tmp/ccISfDmH.ltrans0.ltrans.o
LOAD /tmp/ccLY6nZ5.debug.temp.o
LOAD /tmp/ccPk3y2W.debug.temp.o
LOAD /tmp/cc180JM9.debug.temp.o
LOAD /tmp/ccA491TD.debug.temp.o
LOAD /tmp/ccYJ6lsE.debug.temp.o
LOAD /tmp/ccucekLp.debug.temp.o
LOAD /tmp/ccylRFDh.debug.temp.o
LOAD /tmp/ccCKNMWg.debug.temp.o
LOAD /tmp/cchWlhD8.debug.temp.o
LOAD /tmp/ccKyorIG.debug.temp.o
LOAD /tmp/cc3AmBoq.debug.temp.o
LOAD /tmp/cciJxFcs.debug.temp.o
LOAD /tmp/ccG4pzKa.debug.temp.o
LOAD /tmp/cclCDYvY.debug.temp.o
LOAD /tmp/ccmdhgQd.debug.temp.o
LOAD /tmp/ccRk40lf.debug.temp.o
LOAD /tmp/ccXg56IU.debug.temp.o
LOAD /tmp/cc3eSQ0F.debug.temp.o
LOAD /tmp/ccFG2wCi.debug.temp.o
LOAD /tmp/ccjkhoTz.debug.temp.o
LOAD /tmp/ccA6f2hh.debug.temp.o
LOAD /tmp/ccTzeAR9.debug.temp.o
LOAD /tmp/ccpCc3t1.debug.temp.o
LOAD /tmp/ccJ2uNlb.debug.temp.o
LOAD /tmp/ccFmXAuN.debug.temp.o
LOAD /tmp/ccx41g6i.debug.temp.o
LOAD /tmp/ccNt6FEC.debug.temp.o
LOAD /tmp/ccjd2Maf.debug.temp.o
LOAD /tmp/cc3PXcgK.debug.temp.o
LOAD /tmp/ccJyewQW.debug.temp.o
LOAD /tmp/cc0L3iCn.debug.temp.o
LOAD /tmp/ccWQ8qfc.debug.temp.o
LOAD /tmp/ccQIrVxa.debug.temp.o
LOAD /tmp/cchntRo3.debug.temp.o
LOAD /tmp/cc1xLoDJ.debug.temp.o
LOAD /tmp/cc3mSKLe.debug.temp.o
LOAD /tmp/cc4vXciR.debug.temp.o
LOAD /tmp/cc5KS5Jm.debug.temp.o
LOAD /tmp/ccZxT39P.debug.temp.o
LOAD /tmp/ccI2mjxb.debug.temp.o
LOAD /tmp/cc7ZQARp.debug.temp.o
LOAD /tmp/ccD2rf4h.debug.temp.o
LOAD /tmp/cckWxpyH.debug.temp.o
LOAD /tmp/cchCLLIb.debug.temp.o
LOAD /tmp/ccUIT2Sf.debug.temp.o
LOAD /tmp/ccM52X8V.debug.temp.o
LOAD /tmp/ccU96Hcz.debug.temp.o
LOAD /tmp/ccH66mg2.debug.temp.o
LOAD /tmp/ccted1SD.debug.temp.o
LOAD /tmp/ccUPJ7LZ.debug.temp.o
LOAD /tmp/ccQTU1yY.debug.temp.o
LOAD /tmp/ccRFEVcV.debug.temp.o
LOAD /tmp/ccfhvduw.debug.temp.o
LOAD /tmp/ccpFTyUS.debug.temp.o
LOAD /tmp/ccM4v7Gl.debug.temp.o
LOAD /tmp/cccQlm6s.debug.temp.o
LOAD /tmp/ccjXCqzu.debug.temp.o
LOAD /tmp/ccsgVvCf.debug.temp.o
LOAD /tmp/cc9dtqeG.debug.temp.o
LOAD /tmp/ccFZNk0V.debug.temp.o
LOAD /tmp/cch0GYNn.debug.temp.o
LOAD /tmp/ccYyA3lH.debug.temp.o
LOAD /tmp/ccvuJL0O.debug.temp.o
LOAD /tmp/cc5Run49.debug.temp.o
LOAD /tmp/ccuuYbkK.debug.temp.o
LOAD /tmp/cc7qGKAU.debug.temp.o
LOAD /tmp/ccQ5Xlgv.debug.temp.o
LOAD /tmp/cc0YKmxS.debug.temp.o
LOAD /tmp/ccGO3IbH.debug.temp.o
LOAD /tmp/ccw1k6Nd.debug.temp.o
LOAD /tmp/ccUygnUq.debug.temp.o
LOAD /tmp/ccuY548g.debug.temp.o
LOAD /tmp/cccvpTkX.debug.temp.o
LOAD /tmp/ccia8Tar.debug.temp.o
LOAD /tmp/ccUgUeWR.debug.temp.o
LOAD /tmp/ccYHaimE.debug.temp.o
LOAD /tmp/ccoBPo9a.debug.temp.o
LOAD /tmp/ccgR7b2R.debug.temp.o
LOAD /tmp/ccvQ7PMS.debug.temp.o
LOAD /tmp/cc0QPXtj.debug.temp.o
LOAD /tmp/ccx1cfP3.debug.temp.o
LOAD /tmp/ccYX8LTc.debug.temp.o
LOAD /tmp/cc101qCS.debug.temp.o
LOAD /tmp/ccWvDqLX.debug.temp.o
LOAD /tmp/cc4EBDDG.debug.temp.o
LOAD /tmp/ccHsDoJu.debug.temp.o
LOAD /tmp/ccfE2PBy.debug.temp.o
LOAD /tmp/ccUc4xPC.debug.temp.o
LOAD /tmp/ccgPUWxR.debug.temp.o
LOAD /tmp/ccYlS29O.debug.temp.o
LOAD /tmp/ccgD5E91.debug.temp.o
LOAD /tmp/ccYZAThL.debug.temp.o
LOAD /tmp/ccN2EAmM.debug.temp.o
LOAD /home/yyk/edk2/Build/MdeModule/DEBUG_GCC5/X64/MdeModulePkg/Bus/Pci/SdMmcPciHcPei/SdMmcPciHcPei/OUTPUT/SdMmcPciHcPei.lib
LOAD /home/yyk/edk2/Build/MdeModule/DEBUG_GCC5/X64/MdePkg/Library/RegisterFilterLibNull/RegisterFilterLibNull/OUTPUT/FilterLibNull.lib
LOAD /home/yyk/edk2/Build/MdeModule/DEBUG_GCC5/X64/MdePkg/Library/BasePcdLibNull/BasePcdLibNull/OUTPUT/BasePcdLibNull.lib
LOAD /home/yyk/edk2/Build/MdeModule/DEBUG_GCC5/X64/MdePkg/Library/BaseLib/BaseLib/OUTPUT/BaseLib.lib
LOAD /home/yyk/edk2/Build/MdeModule/DEBUG_GCC5/X64/MdePkg/Library/PeiHobLib/PeiHobLib/OUTPUT/PeiHobLib.lib
LOAD /home/yyk/edk2/Build/MdeModule/DEBUG_GCC5/X64/MdePkg/Library/BaseMemoryLib/BaseMemoryLib/OUTPUT/BaseMemoryLib.lib
LOAD /home/yyk/edk2/Build/MdeModule/DEBUG_GCC5/X64/MdePkg/Library/PeiMemoryAllocationLib/PeiMemoryAllocationLib/OUTPUT/PeiMemoryAllocationLib.lib
LOAD /home/yyk/edk2/Build/MdeModule/DEBUG_GCC5/X64/MdePkg/Library/PeiServicesLib/PeiServicesLib/OUTPUT/PeiServicesLib.lib
LOAD /home/yyk/edk2/Build/MdeModule/DEBUG_GCC5/X64/MdePkg/Library/BaseDebugLibNull/BaseDebugLibNull/OUTPUT/BaseDebugLibNull.lib
LOAD /home/yyk/edk2/Build/MdeModule/DEBUG_GCC5/X64/MdePkg/Library/PeiServicesTablePointerLib/PeiServicesTablePointerLib/OUTPUT/PeiServicesTablePointerLib.lib
LOAD /home/yyk/edk2/Build/MdeModule/DEBUG_GCC5/X64/MdePkg/Library/BaseIoLibIntrinsic/BaseIoLibIntrinsic/OUTPUT/BaseIoLibIntrinsic.lib
LOAD /home/yyk/edk2/Build/MdeModule/DEBUG_GCC5/X64/MdePkg/Library/BasePciCf8Lib/BasePciCf8Lib/OUTPUT/BasePciCf8Lib.lib
LOAD /home/yyk/edk2/Build/MdeModule/DEBUG_GCC5/X64/MdePkg/Library/BasePciLibCf8/BasePciLibCf8/OUTPUT/BasePciLibCf8.lib
LOAD /home/yyk/edk2/Build/MdeModule/DEBUG_GCC5/X64/MdePkg/Library/PeimEntryPoint/PeimEntryPoint/OUTPUT/PeimEntryPoint.lib
END GROUP
                0x0000000000000228                PECOFF_HEADER_SIZE = 0x228
                0x0000000000000228                . = PECOFF_HEADER_SIZE

.text           0x0000000000000240      0x56b
 *(.text .text.* .stub .gnu.linkonce.t.*)
 .text.GetSdMmcHcMmioBar
                0x0000000000000240       0x62 /tmp/ccISfDmH.ltrans0.ltrans.o
 .text.SaveAndDisableInterrupts
                0x00000000000002a2        0xb /tmp/ccISfDmH.ltrans0.ltrans.o
 .text.SetInterruptState
                0x00000000000002ad        0xa /tmp/ccISfDmH.ltrans0.ltrans.o
 .text.GetPeiServicesTablePointer
                0x00000000000002b7        0x8 /tmp/ccISfDmH.ltrans0.ltrans.o
 .text.IoRead16
                0x00000000000002bf        0x5 /tmp/ccISfDmH.ltrans0.ltrans.o
 .text.IoWrite16
                0x00000000000002c4        0x7 /tmp/ccISfDmH.ltrans0.ltrans.o
 .text.IoRead32
                0x00000000000002cb        0x4 /tmp/ccISfDmH.ltrans0.ltrans.o
 .text.IoWrite32
                0x00000000000002cf        0x6 /tmp/ccISfDmH.ltrans0.ltrans.o
 .text.PciCf8Read8
                0x00000000000002d5       0x67 /tmp/ccISfDmH.ltrans0.ltrans.o
 .text.PciCf8Read32
                0x000000000000033c       0x6a /tmp/ccISfDmH.ltrans0.ltrans.o
 .text.PciWrite32
                0x00000000000003a6       0x70 /tmp/ccISfDmH.ltrans0.ltrans.o
 .text._ModuleEntryPoint
                0x0000000000000416      0x395 /tmp/ccISfDmH.ltrans0.ltrans.o
                0x0000000000000416                _ModuleEntryPoint
 *(.rodata .rodata.* .gnu.linkonce.r.*)
 *(.got .got.*)
 .got           0x00000000000007ab        0x0 SdMmcPciHcPei.obj (symbol from plugin)
 .got.plt       0x00000000000007ab        0x0 SdMmcPciHcPei.obj (symbol from plugin)
 *:AutoGen.obj(.data.g*Guid)

.plt            0x00000000000007b0        0x0
 .plt           0x00000000000007b0        0x0 SdMmcPciHcPei.obj (symbol from plugin)

.plt.got        0x00000000000007b0        0x0
 .plt.got       0x00000000000007b0        0x0 SdMmcPciHcPei.obj (symbol from plugin)

.data           0x00000000000007c0       0x38
 *(.data .data.* .gnu.linkonce.d.*)
 .data.gEdkiiPeiSdMmcHostControllerPpiGuid
                0x00000000000007c0       0x10 /tmp/ccISfDmH.ltrans0.ltrans.o
 .data.rel.ro.local.mPpiList
                0x00000000000007d0       0x18 /tmp/ccISfDmH.ltrans0.ltrans.o
 .data.rel.local.mSdMmcHostControllerPpi
                0x00000000000007e8        0x8 /tmp/ccISfDmH.ltrans0.ltrans.o
 .data.rel.ro   0x00000000000007f0        0x0 SdMmcPciHcPei.obj (symbol from plugin)
 *(.bss .bss.*)
 .bss.gPeiServices
                0x00000000000007f0        0x8 /tmp/ccISfDmH.ltrans0.ltrans.o

.eh_frame       0x0000000000000800        0x0
 *(.eh_frame)
 .eh_frame      0x0000000000000800        0x0 SdMmcPciHcPei.obj (symbol from plugin)
 .eh_frame      0x0000000000000800        0x0 SdMmcPciHcPei.obj (symbol from plugin)

.dynbss         0x0000000000000800        0x0
 .dynbss        0x0000000000000800        0x0 SdMmcPciHcPei.obj (symbol from plugin)

.gnu.version_d  0x0000000000000800        0x0
 .gnu.version_d
                0x0000000000000800        0x0 SdMmcPciHcPei.obj (symbol from plugin)

.gnu.version    0x0000000000000800        0x0
 .gnu.version   0x0000000000000800        0x0 SdMmcPciHcPei.obj (symbol from plugin)

.gnu.version_r  0x0000000000000800        0x0
 .gnu.version_r
                0x0000000000000800        0x0 SdMmcPciHcPei.obj (symbol from plugin)

.rela           0x0000000000000800       0x48
 *(.rela .rela.*)
 .rela.plt      0x0000000000000800        0x0 SdMmcPciHcPei.obj (symbol from plugin)
 .rela.got      0x0000000000000800        0x0 SdMmcPciHcPei.obj (symbol from plugin)
 .rela.bss      0x0000000000000800        0x0 SdMmcPciHcPei.obj (symbol from plugin)
 .rela.data.rel.ro
                0x0000000000000800        0x0 SdMmcPciHcPei.obj (symbol from plugin)
 .rela.ifunc    0x0000000000000800        0x0 SdMmcPciHcPei.obj (symbol from plugin)
 .rela.data.rel.ro.local.mPpiList
                0x0000000000000800       0x30 SdMmcPciHcPei.obj (symbol from plugin)
 .rela.data.rel.local.mSdMmcHostControllerPpi
                0x0000000000000830       0x18 SdMmcPciHcPei.obj (symbol from plugin)

.hii
 *(.hii)

.got            0x0000000000000848        0x0
 *(.got)
                0x0000000000000001                ASSERT ((SIZEOF (.got) == 0x0), Unexpected GOT entries detected!)

.got.plt        0x0000000000000848        0x0
 *(.got.plt)
                0x0000000000000001                ASSERT ((((SIZEOF (.got.plt) == 0x0) || (SIZEOF (.got.plt) == 0xc)) || (SIZEOF (.got.plt) == 0x18)), Unexpected GOT/PLT entries detected!)

.build-id       0x0000000000000848       0x24
 *(.note.gnu.build-id)
 .note.gnu.build-id
                0x0000000000000848       0x24 SdMmcPciHcPei.obj (symbol from plugin)

/DISCARD/
 *(.note.GNU-stack)
 *(.gnu_debuglink)
 *(.interp)
 *(.dynsym)
 *(.dynstr)
 *(.dynamic)
 *(.hash .gnu.hash)
 *(.comment)
OUTPUT(/home/yyk/edk2/Build/MdeModule/DEBUG_GCC5/X64/MdeModulePkg/Bus/Pci/SdMmcPciHcPei/SdMmcPciHcPei/DEBUG/SdMmcPciHcPei.dll elf64-x86-64)

.debug_info     0x0000000000000000     0xc2eb
 .debug_info    0x0000000000000000     0x121b /tmp/ccISfDmH.ltrans0.ltrans.o
 .debug_info    0x000000000000121b     0x141b /tmp/ccLY6nZ5.debug.temp.o
                0x000000000000121b                SdMmcPciHcPei.c.fd0bec39
 .debug_info    0x0000000000002636     0x12dd /tmp/ccPk3y2W.debug.temp.o
                0x0000000000002636                AutoGen.c.1f6d1795
 .debug_info    0x0000000000003913      0x1a7 /tmp/cc3AmBoq.debug.temp.o
                0x0000000000003913                SetJump.c.f37c9326
 .debug_info    0x0000000000003aba      0x100 /tmp/ccjkhoTz.debug.temp.o
                0x0000000000003aba                LShiftU64.c.7122b775
 .debug_info    0x0000000000003bba       0xb6 /tmp/ccx41g6i.debug.temp.o
                0x0000000000003bba                HighBitSet32.c.33cb8017
 .debug_info    0x0000000000003c70       0xc2 /tmp/cc3mSKLe.debug.temp.o
                0x0000000000003c70                Cpu.c.fa447e00
 .debug_info    0x0000000000003d32      0x2d6 /tmp/cckWxpyH.debug.temp.o
                0x0000000000003d32                Math64.c.8a205f39
 .debug_info    0x0000000000004008      0x1f2 /tmp/ccQTU1yY.debug.temp.o
                0x0000000000004008                X86GetInterruptState.c.b954620e
 .debug_info    0x00000000000041fa      0x2e1 /tmp/cch0GYNn.debug.temp.o
                0x00000000000041fa                GccInline.c.c0c42969
 .debug_info    0x00000000000044db      0x67c /tmp/ccYyA3lH.debug.temp.o
                0x00000000000044db                GccInlinePriv.c.474804f7
 .debug_info    0x0000000000004b57      0x136 /tmp/ccuuYbkK.debug.temp.o
                0x0000000000004b57                SetMem.c.8ad494bb
 .debug_info    0x0000000000004c8d      0x104 /tmp/ccw1k6Nd.debug.temp.o
                0x0000000000004c8d                ZeroMemWrapper.c.84c9b2fa
 .debug_info    0x0000000000004d91      0x32b /tmp/ccgR7b2R.debug.temp.o
                0x0000000000004d91                MemLibGeneric.c.734d7632
 .debug_info    0x00000000000050bc      0x71b /tmp/ccx1cfP3.debug.temp.o
                0x00000000000050bc                MemoryAllocationLib.c.177ac5f5
 .debug_info    0x00000000000057d7     0x18a0 /tmp/ccYX8LTc.debug.temp.o
                0x00000000000057d7                PeiServicesLib.c.7bf5a45d
 .debug_info    0x0000000000007077     0x1078 /tmp/ccWvDqLX.debug.temp.o
                0x0000000000007077                PeiServicesTablePointer.c.47bbf40e
 .debug_info    0x00000000000080ef     0x12ef /tmp/ccHsDoJu.debug.temp.o
                0x00000000000080ef                IoHighLevel.c.d99a4e53
 .debug_info    0x00000000000093de      0x340 /tmp/ccUc4xPC.debug.temp.o
                0x00000000000093de                IoLibGcc.c.3151882d
 .debug_info    0x000000000000971e     0x100d /tmp/ccgD5E91.debug.temp.o
                0x000000000000971e                PciCf8Lib.c.60de99c4
 .debug_info    0x000000000000a72b      0xb18 /tmp/ccYZAThL.debug.temp.o
                0x000000000000a72b                PciLib.c.75819294
 .debug_info    0x000000000000b243     0x10a8 /tmp/ccN2EAmM.debug.temp.o
                0x000000000000b243                PeimEntryPoint.c.368a6336

.debug_abbrev   0x0000000000000000     0x1af3
 .debug_abbrev  0x0000000000000000      0x185 /tmp/ccISfDmH.ltrans0.ltrans.o
 .debug_abbrev  0x0000000000000185      0x249 /tmp/ccLY6nZ5.debug.temp.o
 .debug_abbrev  0x00000000000003ce      0x248 /tmp/ccPk3y2W.debug.temp.o
 .debug_abbrev  0x0000000000000616       0xe0 /tmp/cc3AmBoq.debug.temp.o
 .debug_abbrev  0x00000000000006f6       0xb2 /tmp/ccjkhoTz.debug.temp.o
 .debug_abbrev  0x00000000000007a8       0x67 /tmp/ccx41g6i.debug.temp.o
 .debug_abbrev  0x000000000000080f       0xa5 /tmp/cc3mSKLe.debug.temp.o
 .debug_abbrev  0x00000000000008b4       0xd0 /tmp/cckWxpyH.debug.temp.o
 .debug_abbrev  0x0000000000000984       0xd5 /tmp/ccQTU1yY.debug.temp.o
 .debug_abbrev  0x0000000000000a59      0x135 /tmp/cch0GYNn.debug.temp.o
 .debug_abbrev  0x0000000000000b8e      0x17f /tmp/ccYyA3lH.debug.temp.o
 .debug_abbrev  0x0000000000000d0d       0xa1 /tmp/ccuuYbkK.debug.temp.o
 .debug_abbrev  0x0000000000000dae       0xb8 /tmp/ccw1k6Nd.debug.temp.o
 .debug_abbrev  0x0000000000000e66       0xf0 /tmp/ccgR7b2R.debug.temp.o
 .debug_abbrev  0x0000000000000f56      0x1a4 /tmp/ccx1cfP3.debug.temp.o
 .debug_abbrev  0x00000000000010fa      0x269 /tmp/ccYX8LTc.debug.temp.o
 .debug_abbrev  0x0000000000001363      0x1c7 /tmp/ccWvDqLX.debug.temp.o
 .debug_abbrev  0x000000000000152a       0xd0 /tmp/ccHsDoJu.debug.temp.o
 .debug_abbrev  0x00000000000015fa       0xfe /tmp/ccUc4xPC.debug.temp.o
 .debug_abbrev  0x00000000000016f8      0x156 /tmp/ccgD5E91.debug.temp.o
 .debug_abbrev  0x000000000000184e       0xe6 /tmp/ccYZAThL.debug.temp.o
 .debug_abbrev  0x0000000000001934      0x1bf /tmp/ccN2EAmM.debug.temp.o

.debug_loclists
                0x0000000000000000      0xb4b
 .debug_loclists
                0x0000000000000000      0xb4b /tmp/ccISfDmH.ltrans0.ltrans.o

.debug_aranges  0x0000000000000000       0xf0
 .debug_aranges
                0x0000000000000000       0xf0 /tmp/ccISfDmH.ltrans0.ltrans.o

.debug_rnglists
                0x0000000000000000      0x18d
 .debug_rnglists
                0x0000000000000000      0x18d /tmp/ccISfDmH.ltrans0.ltrans.o

.debug_line     0x0000000000000000     0x11b6
 .debug_line    0x0000000000000000      0x981 /tmp/ccISfDmH.ltrans0.ltrans.o
 .debug_line    0x0000000000000981       0xb9 /tmp/ccLY6nZ5.debug.temp.o
 .debug_line    0x0000000000000a3a       0x98 /tmp/ccPk3y2W.debug.temp.o
 .debug_line    0x0000000000000ad2       0x51 /tmp/cc3AmBoq.debug.temp.o
 .debug_line    0x0000000000000b23       0x51 /tmp/ccjkhoTz.debug.temp.o
 .debug_line    0x0000000000000b74       0x43 /tmp/ccx41g6i.debug.temp.o
 .debug_line    0x0000000000000bb7       0x4c /tmp/cc3mSKLe.debug.temp.o
 .debug_line    0x0000000000000c03       0x4c /tmp/cckWxpyH.debug.temp.o
 .debug_line    0x0000000000000c4f       0x4c /tmp/ccQTU1yY.debug.temp.o
 .debug_line    0x0000000000000c9b       0x4c /tmp/cch0GYNn.debug.temp.o
 .debug_line    0x0000000000000ce7       0x51 /tmp/ccYyA3lH.debug.temp.o
 .debug_line    0x0000000000000d38       0x4c /tmp/ccuuYbkK.debug.temp.o
 .debug_line    0x0000000000000d84       0x51 /tmp/ccw1k6Nd.debug.temp.o
 .debug_line    0x0000000000000dd5       0x48 /tmp/ccgR7b2R.debug.temp.o
 .debug_line    0x0000000000000e1d       0x6d /tmp/ccx1cfP3.debug.temp.o
 .debug_line    0x0000000000000e8a       0xb0 /tmp/ccYX8LTc.debug.temp.o
 .debug_line    0x0000000000000f3a       0x8e /tmp/ccWvDqLX.debug.temp.o
 .debug_line    0x0000000000000fc8       0x51 /tmp/ccHsDoJu.debug.temp.o
 .debug_line    0x0000000000001019       0x56 /tmp/ccUc4xPC.debug.temp.o
 .debug_line    0x000000000000106f       0x5f /tmp/ccgD5E91.debug.temp.o
 .debug_line    0x00000000000010ce       0x55 /tmp/ccYZAThL.debug.temp.o
 .debug_line    0x0000000000001123       0x93 /tmp/ccN2EAmM.debug.temp.o

.debug_str      0x0000000000000000     0x2c59
 .debug_str     0x0000000000000000      0x178 /tmp/ccISfDmH.ltrans0.ltrans.o
 .debug_str     0x0000000000000178      0xfa7 /tmp/ccLY6nZ5.debug.temp.o
                                       0x128d (size before relaxing)
 .debug_str     0x000000000000111f      0x32a /tmp/ccPk3y2W.debug.temp.o
                                       0x1370 (size before relaxing)
 .debug_str     0x0000000000001449       0x42 /tmp/cc3AmBoq.debug.temp.o
                                        0x25f (size before relaxing)
 .debug_str     0x000000000000148b       0x1e /tmp/ccjkhoTz.debug.temp.o
                                        0x23a (size before relaxing)
 .debug_str     0x00000000000014a9        0x9 /tmp/ccx41g6i.debug.temp.o
                                        0x208 (size before relaxing)
 .debug_str     0x00000000000014b2       0x4e /tmp/cc3mSKLe.debug.temp.o
                                        0x249 (size before relaxing)
 .debug_str     0x0000000000001500      0x172 /tmp/cckWxpyH.debug.temp.o
                                        0x387 (size before relaxing)
 .debug_str     0x0000000000001672       0x6a /tmp/ccQTU1yY.debug.temp.o
                                        0x26a (size before relaxing)
 .debug_str     0x00000000000016dc      0x12b /tmp/cch0GYNn.debug.temp.o
                                        0x33e (size before relaxing)
 .debug_str     0x0000000000001807      0x2a5 /tmp/ccYyA3lH.debug.temp.o
                                        0x4f1 (size before relaxing)
 .debug_str     0x0000000000001aac       0x3f /tmp/ccuuYbkK.debug.temp.o
                                        0x249 (size before relaxing)
 .debug_str     0x0000000000001aeb       0x13 /tmp/ccw1k6Nd.debug.temp.o
                                        0x235 (size before relaxing)
 .debug_str     0x0000000000001afe       0xe7 /tmp/ccgR7b2R.debug.temp.o
                                        0x339 (size before relaxing)
 .debug_str     0x0000000000001be5      0x288 /tmp/ccx1cfP3.debug.temp.o
                                        0x6fd (size before relaxing)
 .debug_str     0x0000000000001e6d      0x3ed /tmp/ccYX8LTc.debug.temp.o
                                       0x15d1 (size before relaxing)
 .debug_str     0x000000000000225a       0x47 /tmp/ccWvDqLX.debug.temp.o
                                       0x1031 (size before relaxing)
 .debug_str     0x00000000000022a1      0x451 /tmp/ccHsDoJu.debug.temp.o
                                        0x7d4 (size before relaxing)
 .debug_str     0x00000000000026f2       0xe1 /tmp/ccUc4xPC.debug.temp.o
                                        0x34d (size before relaxing)
 .debug_str     0x00000000000027d3      0x2b6 /tmp/ccgD5E91.debug.temp.o
                                        0x6e5 (size before relaxing)
 .debug_str     0x0000000000002a89      0x1b6 /tmp/ccYZAThL.debug.temp.o
                                        0x674 (size before relaxing)
 .debug_str     0x0000000000002c3f       0x1a /tmp/ccN2EAmM.debug.temp.o
                                        0xff4 (size before relaxing)

.debug_line_str
                0x0000000000000000      0xe3e
 .debug_line_str
                0x0000000000000000      0x2d0 /tmp/ccISfDmH.ltrans0.ltrans.o
                                        0x467 (size before relaxing)
 .debug_line_str
                0x00000000000002d0      0x23f /tmp/ccLY6nZ5.debug.temp.o
                                        0x345 (size before relaxing)
 .debug_line_str
                0x000000000000050f       0x80 /tmp/ccPk3y2W.debug.temp.o
                                        0x2c3 (size before relaxing)
 .debug_line_str
                0x000000000000058f       0x7d /tmp/cc3AmBoq.debug.temp.o
                                        0x11a (size before relaxing)
 .debug_line_str
                0x000000000000060c       0x45 /tmp/ccjkhoTz.debug.temp.o
                                        0x127 (size before relaxing)
 .debug_line_str
                0x0000000000000651       0x35 /tmp/ccx41g6i.debug.temp.o
                                         0xe9 (size before relaxing)
 .debug_line_str
                0x0000000000000686       0x2c /tmp/cc3mSKLe.debug.temp.o
                                        0x107 (size before relaxing)
 .debug_line_str
                0x00000000000006b2       0x2f /tmp/cckWxpyH.debug.temp.o
                                        0x10d (size before relaxing)
 .debug_line_str
                0x00000000000006e1       0x3d /tmp/ccQTU1yY.debug.temp.o
                                        0x129 (size before relaxing)
 .debug_line_str
                0x000000000000071e       0x36 /tmp/cch0GYNn.debug.temp.o
                                        0x11b (size before relaxing)
 .debug_line_str
                0x0000000000000754       0x4e /tmp/ccYyA3lH.debug.temp.o
                                        0x137 (size before relaxing)
 .debug_line_str
                0x00000000000007a2       0x8e /tmp/ccuuYbkK.debug.temp.o
                                        0x125 (size before relaxing)
 .debug_line_str
                0x0000000000000830       0x4f /tmp/ccw1k6Nd.debug.temp.o
                                        0x148 (size before relaxing)
 .debug_line_str
                0x000000000000087f       0x3c /tmp/ccgR7b2R.debug.temp.o
                                        0x115 (size before relaxing)
 .debug_line_str
                0x00000000000008bb       0xc6 /tmp/ccx1cfP3.debug.temp.o
                                        0x1ed (size before relaxing)
 .debug_line_str
                0x0000000000000981      0x142 /tmp/ccYX8LTc.debug.temp.o
                                        0x31b (size before relaxing)
 .debug_line_str
                0x0000000000000ac3       0xc6 /tmp/ccWvDqLX.debug.temp.o
                                        0x284 (size before relaxing)
 .debug_line_str
                0x0000000000000b89       0xaa /tmp/ccHsDoJu.debug.temp.o
                                        0x14b (size before relaxing)
 .debug_line_str
                0x0000000000000c33       0x47 /tmp/ccUc4xPC.debug.temp.o
                                        0x15d (size before relaxing)
 .debug_line_str
                0x0000000000000c7a       0x91 /tmp/ccgD5E91.debug.temp.o
                                        0x163 (size before relaxing)
 .debug_line_str
                0x0000000000000d0b       0x9a /tmp/ccYZAThL.debug.temp.o
                                        0x14c (size before relaxing)
 .debug_line_str
                0x0000000000000da5       0x99 /tmp/ccN2EAmM.debug.temp.o
                                        0x253 (size before relaxing)

.debug_frame    0x0000000000000000      0x1b0
 .debug_frame   0x0000000000000000      0x1b0 /tmp/ccISfDmH.ltrans0.ltrans.o
